Archive member included because of file (symbol)

C:\Users\ryota\Desktop\LPCXpresso Sample Program\workspace\CMSISv1p30_LPC13xx\Debug\libCMSISv1p30_LPC13xx.a(system_LPC13xx.o)
                              ./src/PERIPHERAL/ad.o (SystemCoreClock)
c:/nxp/lpcxpresso_7.7.2_379/lpcxpresso/tools/bin/../lib/gcc/arm-none-eabi/4.9.3/../../../../arm-none-eabi/lib/armv7-m\libcr_semihost.a(_cr__main.o)
                              ./src/OTHER/cr_startup_lpc13xx.o (__main)
c:/nxp/lpcxpresso_7.7.2_379/lpcxpresso/tools/bin/../lib/gcc/arm-none-eabi/4.9.3/../../../../arm-none-eabi/lib/armv7-m\libcr_c.a(memcpy.o)
                              ./src/PERIPHERAL/debug.o (memcpy)
c:/nxp/lpcxpresso_7.7.2_379/lpcxpresso/tools/bin/../lib/gcc/arm-none-eabi/4.9.3/../../../../arm-none-eabi/lib/armv7-m\libcr_c.a(fpprintf.o)
                              ./src/PERIPHERAL/debug.o (vsprintf)
c:/nxp/lpcxpresso_7.7.2_379/lpcxpresso/tools/bin/../lib/gcc/arm-none-eabi/4.9.3/../../../../arm-none-eabi/lib/armv7-m\libcr_c.a(initio.o)
                              c:/nxp/lpcxpresso_7.7.2_379/lpcxpresso/tools/bin/../lib/gcc/arm-none-eabi/4.9.3/../../../../arm-none-eabi/lib/armv7-m\libcr_semihost.a(_cr__main.o) (_initio)
c:/nxp/lpcxpresso_7.7.2_379/lpcxpresso/tools/bin/../lib/gcc/arm-none-eabi/4.9.3/../../../../arm-none-eabi/lib/armv7-m\libcr_c.a(printf.o)
                              c:/nxp/lpcxpresso_7.7.2_379/lpcxpresso/tools/bin/../lib/gcc/arm-none-eabi/4.9.3/../../../../arm-none-eabi/lib/armv7-m\libcr_c.a(fpprintf.o) (__vfprintf)
c:/nxp/lpcxpresso_7.7.2_379/lpcxpresso/tools/bin/../lib/gcc/arm-none-eabi/4.9.3/../../../../arm-none-eabi/lib/armv7-m\libcr_c.a(setvbuf.o)
                              c:/nxp/lpcxpresso_7.7.2_379/lpcxpresso/tools/bin/../lib/gcc/arm-none-eabi/4.9.3/../../../../arm-none-eabi/lib/armv7-m\libcr_c.a(initio.o) (setvbuf)
c:/nxp/lpcxpresso_7.7.2_379/lpcxpresso/tools/bin/../lib/gcc/arm-none-eabi/4.9.3/../../../../arm-none-eabi/lib/armv7-m\libcr_c.a(stdio.o)
                              c:/nxp/lpcxpresso_7.7.2_379/lpcxpresso/tools/bin/../lib/gcc/arm-none-eabi/4.9.3/../../../../arm-none-eabi/lib/armv7-m\libcr_c.a(fpprintf.o) (__Ciob)
c:/nxp/lpcxpresso_7.7.2_379/lpcxpresso/tools/bin/../lib/gcc/arm-none-eabi/4.9.3/../../../../arm-none-eabi/lib/armv7-m\libcr_c.a(strlen.o)
                              c:/nxp/lpcxpresso_7.7.2_379/lpcxpresso/tools/bin/../lib/gcc/arm-none-eabi/4.9.3/../../../../arm-none-eabi/lib/armv7-m\libcr_c.a(printf.o) (strlen)
c:/nxp/lpcxpresso_7.7.2_379/lpcxpresso/tools/bin/../lib/gcc/arm-none-eabi/4.9.3/../../../../arm-none-eabi/lib/armv7-m\libcr_c.a(memset.o)
                              c:/nxp/lpcxpresso_7.7.2_379/lpcxpresso/tools/bin/../lib/gcc/arm-none-eabi/4.9.3/../../../../arm-none-eabi/lib/armv7-m\libcr_c.a(fpprintf.o) (memset)
c:/nxp/lpcxpresso_7.7.2_379/lpcxpresso/tools/bin/../lib/gcc/arm-none-eabi/4.9.3/../../../../arm-none-eabi/lib/armv7-m\libcr_c.a(__fillbuf.o)
                              c:/nxp/lpcxpresso_7.7.2_379/lpcxpresso/tools/bin/../lib/gcc/arm-none-eabi/4.9.3/../../../../arm-none-eabi/lib/armv7-m\libcr_c.a(stdio.o) (__filbuf)
c:/nxp/lpcxpresso_7.7.2_379/lpcxpresso/tools/bin/../lib/gcc/arm-none-eabi/4.9.3/../../../../arm-none-eabi/lib/armv7-m\libcr_c.a(_deferredlazyseek.o)
                              c:/nxp/lpcxpresso_7.7.2_379/lpcxpresso/tools/bin/../lib/gcc/arm-none-eabi/4.9.3/../../../../arm-none-eabi/lib/armv7-m\libcr_c.a(__fillbuf.o) (_deferredlazyseek)
c:/nxp/lpcxpresso_7.7.2_379/lpcxpresso/tools/bin/../lib/gcc/arm-none-eabi/4.9.3/../../../../arm-none-eabi/lib/armv7-m\libcr_c.a(_fdopen.o)
                              c:/nxp/lpcxpresso_7.7.2_379/lpcxpresso/tools/bin/../lib/gcc/arm-none-eabi/4.9.3/../../../../arm-none-eabi/lib/armv7-m\libcr_c.a(initio.o) (_fdopen)
c:/nxp/lpcxpresso_7.7.2_379/lpcxpresso/tools/bin/../lib/gcc/arm-none-eabi/4.9.3/../../../../arm-none-eabi/lib/armv7-m\libcr_c.a(_fflush.o)
                              c:/nxp/lpcxpresso_7.7.2_379/lpcxpresso/tools/bin/../lib/gcc/arm-none-eabi/4.9.3/../../../../arm-none-eabi/lib/armv7-m\libcr_c.a(__fillbuf.o) (_fflush)
c:/nxp/lpcxpresso_7.7.2_379/lpcxpresso/tools/bin/../lib/gcc/arm-none-eabi/4.9.3/../../../../arm-none-eabi/lib/armv7-m\libcr_c.a(_frexpl.o)
                              c:/nxp/lpcxpresso_7.7.2_379/lpcxpresso/tools/bin/../lib/gcc/arm-none-eabi/4.9.3/../../../../arm-none-eabi/lib/armv7-m\libcr_c.a(fpprintf.o) (_frexpl)
c:/nxp/lpcxpresso_7.7.2_379/lpcxpresso/tools/bin/../lib/gcc/arm-none-eabi/4.9.3/../../../../arm-none-eabi/lib/armv7-m\libcr_c.a(_ldexpl.o)
                              c:/nxp/lpcxpresso_7.7.2_379/lpcxpresso/tools/bin/../lib/gcc/arm-none-eabi/4.9.3/../../../../arm-none-eabi/lib/armv7-m\libcr_c.a(fpprintf.o) (_ldexpl)
c:/nxp/lpcxpresso_7.7.2_379/lpcxpresso/tools/bin/../lib/gcc/arm-none-eabi/4.9.3/../../../../arm-none-eabi/lib/armv7-m\libcr_c.a(_writebuf.o)
[...]
Memory Configuration

Name             Origin             Length             Attributes
MFlash32         0x00000000         0x00008000         xr
RamLoc8          0x10000000         0x00002000         xrw
*default*        0x00000000         0xffffffff

Linker script and memory map

LOAD ./src/USB/cdcuser.o
LOAD ./src/USB/usbcore.o
LOAD ./src/USB/usbdesc.o
LOAD ./src/USB/usbhw.o
LOAD ./src/USB/usbuser.o
LOAD ./src/PERIPHERAL/SystemTickTimer.o
LOAD ./src/PERIPHERAL/ad.o
LOAD ./src/PERIPHERAL/debug.o
LOAD ./src/PERIPHERAL/i2c.o
LOAD ./src/PERIPHERAL/io.o
LOAD ./src/PERIPHERAL/pwm.o
LOAD ./src/PERIPHERAL/ssp.o
LOAD ./src/PERIPHERAL/timer.o
LOAD ./src/PERIPHERAL/uart.o
LOAD ./src/PERIPHERAL/usbTransmission.o
LOAD ./src/OTHER/cr_startup_lpc13xx.o
LOAD ./src/OTHER/crp.o
LOAD ./src/OTHER/serial.o
LOAD ./src/MODE/modeSelect.o
LOAD ./src/MODE/mode_calibAccXY.o
LOAD ./src/MODE/mode_calibAccZ.o
LOAD ./src/MODE/mode_calibMag.o
LOAD ./src/MODE/mode_calibOmega.o
LOAD ./src/MODE/mode_clearOffset.o
LOAD ./src/MODE/mode_outputSelect.o
LOAD ./src/MODE/mode_viewAllData.o
LOAD ./src/MODE/mode_viewEEPROMData.o
LOAD ./src/MAIN/EEPROM_24LC16BT_I.o
LOAD ./src/MAIN/MainFunction.o
LOAD ./src/MAIN/UserInterface.o
LOAD ./src/MAIN/main.o
LOAD ./src/MAIN/mpu9250.o
LOAD ./src/MAIN/tinyMathFunctions.o
LOAD C:\Users\ryota\Desktop\LPCXpresso Sample Program\workspace\CMSISv1p30_LPC13xx\Debug\libCMSISv1p30_LPC13xx.a
START GROUP
LOAD c:/nxp/lpcxpresso_7.7.2_379/lpcxpresso/tools/bin/../lib/gcc/arm-none-eabi/4.9.3/../../../../arm-none-eabi/lib/armv7-m\libcr_semihost.a
LOAD c:/nxp/lpcxpresso_7.7.2_379/lpcxpresso/tools/bin/../lib/gcc/arm-none-eabi/4.9.3/../../../../arm-none-eabi/lib/armv7-m\libcr_c.a
LOAD c:/nxp/lpcxpresso_7.7.2_379/lpcxpresso/tools/bin/../lib/gcc/arm-none-eabi/4.9.3/armv7-m\libcr_eabihelpers.a
END GROUP
                0x00008000                __top_MFlash32 = 0x8000
                0x10002000                __top_RamLoc8 = 0x10002000

.text           0x00000000     0x6be8
 FILL mask 0xff
                0x00000000                __vectors_start__ = ABSOLUTE (.)
 *(.isr_vector)
 .isr_vector    0x00000000      0x128 ./src/OTHER/cr_startup_lpc13xx.o
                0x00000000                g_pfnVectors
                0x00000128                . = ALIGN (0x4)
                0x00000128                __section_table_start = .
                0x00000128                __data_section_table = .
                0x00000128        0x4 LONG 0x6be8 LOADADDR (.data)
                0x0000012c        0x4 LONG 0x10000000 ADDR (.data)
                0x00000130        0x4 LONG 0x1c SIZEOF (.data)
                0x00000134                __data_section_table_end = .
                0x00000134                __bss_section_table = .
                0x00000134        0x4 LONG 0x1000001c ADDR (.bss)
                0x00000138        0x4 LONG 0x690 SIZEOF (.bss)
                0x0000013c                __bss_section_table_end = .
                0x0000013c                __section_table_end = .
 *(.after_vectors*)
 .after_vectors
                0x0000013c       0xa0 ./src/OTHER/cr_startup_lpc13xx.o
                0x0000013c                NMI_Handler
                0x00000140                HardFault_Handler
                0x00000144                MemManage_Handler
                0x00000148                BusFault_Handler
                0x0000014c                UsageFault_Handler
                0x00000150                SVC_Handler
                0x00000154                DebugMon_Handler
                0x00000158                PendSV_Handler
                0x00000160                PIOINT1_IRQHandler
                0x00000160                IntDefaultHandler
                0x00000160                TIMER16_1_IRQHandler
                0x00000160                USB_FIQHandler
                0x00000160                ADC_IRQHandler
                0x00000160                SSP1_IRQHandler
                0x00000160                PIOINT2_IRQHandler
                0x00000160                BOD_IRQHandler
                0x00000160                WAKEUP_IRQHandler
                0x00000160                PIOINT0_IRQHandler
                0x00000160                PIOINT3_IRQHandler
                0x00000160                WDT_IRQHandler
                0x00000160                TIMER16_0_IRQHandler
                0x00000160                FMC_IRQHandler
                0x00000164                data_init
                0x00000180                bss_init
                0x00000194                ResetISR
                0x000002fc                . = 0x2fc
 *fill*         0x000001dc      0x120 ff
                0x000002fc                PROVIDE (__CRP_WORD_START__, .)
 *(.crp)
 .crp           0x000002fc        0x4 ./src/OTHER/crp.o
                0x000002fc                CRP_WORD
                0x00000300                PROVIDE (__CRP_WORD_END__, .)
                0x00000001                ASSERT (! ((__CRP_WORD_START__ == __CRP_WORD_END__)), Linker CRP Enabled, but no CRP_WORD provided within application)
 *(.text*)
 .text.CDC_WrOutBuf
                0x00000300       0x2c ./src/USB/cdcuser.o
                0x00000300                CDC_WrOutBuf
 .text.CDC_SendEncapsulatedCommand
                0x0000032c        0x4 ./src/USB/cdcuser.o
                0x0000032c                CDC_SendEncapsulatedCommand
 .text.CDC_GetEncapsulatedResponse
                0x00000330        0x4 ./src/USB/cdcuser.o
                0x00000330                CDC_GetEncapsulatedResponse
 .text.CDC_SetCommFeature
                0x00000334        0x4 ./src/USB/cdcuser.o
                0x00000334                CDC_SetCommFeature
 .text.CDC_GetCommFeature
                0x00000338        0x4 ./src/USB/cdcuser.o
                0x00000338                CDC_GetCommFeature
 .text.CDC_ClearCommFeature
                0x0000033c        0x4 ./src/USB/cdcuser.o
                0x0000033c                CDC_ClearCommFeature
 .text.CDC_SetLineCoding
                0x00000340       0x48 ./src/USB/cdcuser.o
                0x00000340                CDC_SetLineCoding
 .text.CDC_GetLineCoding
                0x00000388       0x2c ./src/USB/cdcuser.o
                0x00000388                CDC_GetLineCoding
 .text.CDC_SetControlLineState
                0x000003b4        0x4 ./src/USB/cdcuser.o
                0x000003b4                CDC_SetControlLineState
 .text.CDC_SendBreak
                0x000003b8        0x4 ./src/USB/cdcuser.o
                0x000003b8                CDC_SendBreak
 .text.CDC_BulkIn
                0x000003bc       0x34 ./src/USB/cdcuser.o
                0x000003bc                CDC_BulkIn
 .text.CDC_BulkOut
                0x000003f0       0x24 ./src/USB/cdcuser.o
                0x000003f0                CDC_BulkOut
 .text.CDC_GetSerialState
                0x00000414       0xb0 ./src/USB/cdcuser.o
                0x00000414                CDC_GetSerialState
 .text.CDC_NotificationIn
                0x000004c4       0x40 ./src/USB/cdcuser.o
                0x000004c4                CDC_NotificationIn
 .text.USB_ResetCore
                0x00000504       0x38 ./src/USB/usbcore.o
                0x00000504                USB_ResetCore
 .text.USB_SetupStage
                0x0000053c       0x10 ./src/USB/usbcore.o
                0x0000053c                USB_SetupStage
 .text.USB_DataInStage
                0x0000054c       0x28 ./src/USB/usbcore.o
                0x0000054c                USB_DataInStage
 .text.USB_DataOutStage
                0x00000574       0x20 ./src/USB/usbcore.o
                0x00000574                USB_DataOutStage
 .text.USB_StatusInStage
                0x00000594       0x10 ./src/USB/usbcore.o
                0x00000594                USB_StatusInStage
 .text.USB_StatusOutStage
                0x000005a4       0x10 ./src/USB/usbcore.o
                0x000005a4                USB_StatusOutStage
 .text.USB_EndPoint0
                0x000005b4      0x83c ./src/USB/usbcore.o
                0x000005b4                USB_EndPoint0
 .text.USBIOClkConfig
                0x00000df0       0x60 ./src/USB/usbhw.o
                0x00000df0                USBIOClkConfig
 .text.EPAdr    0x00000e50       0x14 ./src/USB/usbhw.o
                0x00000e50                EPAdr
 .text.WrCmd    0x00000e64       0x1c ./src/USB/usbhw.o
                0x00000e64                WrCmd
 .text.WrCmdDat
                0x00000e80       0x10 ./src/USB/usbhw.o
                0x00000e80                WrCmdDat
 .text.WrCmdEP  0x00000e90       0x1c ./src/USB/usbhw.o
                0x00000e90                WrCmdEP
 .text.RdCmdDat
                0x00000eac       0x20 ./src/USB/usbhw.o
                0x00000eac                RdCmdDat
 .text.USB_Connect
                0x00000ecc       0x1c ./src/USB/usbhw.o
                0x00000ecc                USB_Connect
 .text.USB_Reset
                0x00000ee8       0x18 ./src/USB/usbhw.o
                0x00000ee8                USB_Reset
 .text.USB_WakeUpCfg
                0x00000f00        0x4 ./src/USB/usbhw.o
                0x00000f00                USB_WakeUpCfg
 .text.USB_SetAddress
                0x00000f04       0x24 ./src/USB/usbhw.o
                0x00000f04                USB_SetAddress
 .text.USB_Init
                0x00000f28       0x1c ./src/USB/usbhw.o
                0x00000f28                USB_Init
 .text.USB_Configure
                0x00000f44       0x1c ./src/USB/usbhw.o
                0x00000f44                USB_Configure
 .text.USB_ConfigEP
                0x00000f60        0x4 ./src/USB/usbhw.o
                0x00000f60                USB_ConfigEP
 .text.USB_DirCtrlEP
                0x00000f64        0x4 ./src/USB/usbhw.o
                0x00000f64                USB_DirCtrlEP
 .text.USB_EnableEP
                0x00000f68       0x1c ./src/USB/usbhw.o
                0x00000f68                USB_EnableEP
 .text.USB_DisableEP
                0x00000f84       0x1c ./src/USB/usbhw.o
                0x00000f84                USB_DisableEP
 .text.USB_ResetEP
                0x00000fa0       0x1c ./src/USB/usbhw.o
                0x00000fa0                USB_ResetEP
 .text.USB_SetStallEP
                0x00000fbc       0x1c ./src/USB/usbhw.o
                0x00000fbc                USB_SetStallEP
 .text.USB_ClrStallEP
                0x00000fd8       0x1c ./src/USB/usbhw.o
                0x00000fd8                USB_ClrStallEP
 .text.USB_ReadEP
                0x00000ff4       0x4c ./src/USB/usbhw.o
                0x00000ff4                USB_ReadEP
 .text.USB_WriteEP
                0x00001040       0x44 ./src/USB/usbhw.o
                0x00001040                USB_WriteEP
 .text.USB_IRQHandler
                0x00001084       0xbc ./src/USB/usbhw.o
                0x00001084                USB_IRQHandler
 .text.USB_EndPoint1
                0x00001140       0x24 ./src/USB/usbuser.o
                0x00001140                USB_EndPoint1
 .text.USB_EndPoint3
                0x00001164       0x18 ./src/USB/usbuser.o
                0x00001164                USB_EndPoint3
 .text.USB_Reset_Event
                0x0000117c        0x8 ./src/USB/usbuser.o
                0x0000117c                USB_Reset_Event
 .text.USB_Suspend_Event
                0x00001184        0x4 ./src/USB/usbuser.o
                0x00001184                USB_Suspend_Event
 .text.USB_Resume_Event
                0x00001188        0x4 ./src/USB/usbuser.o
                0x00001188                USB_Resume_Event
 .text.USB_Configure_Event
                0x0000118c        0x4 ./src/USB/usbuser.o
                0x0000118c                USB_Configure_Event
 .text.initSystemTickTimer
                0x00001190       0x24 ./src/PERIPHERAL/SystemTickTimer.o
 .text.wait1msec
                0x000011b4       0x40 ./src/PERIPHERAL/SystemTickTimer.o
                0x000011b4                wait1msec
 .text.time_count_start
                0x000011f4       0x20 ./src/PERIPHERAL/SystemTickTimer.o
                0x000011f4                time_count_start
 .text.SysTick_Handler
                0x00001214       0x1c ./src/PERIPHERAL/SystemTickTimer.o
                0x00001214                SysTick_Handler
 .text.myPrintfUSB
                0x00001230       0x54 ./src/PERIPHERAL/debug.o
                0x00001230                myPrintfUSB
 .text.I2C_IRQHandler
                0x00001284      0x244 ./src/PERIPHERAL/i2c.o
                0x00001284                I2C_IRQHandler
 .text.I2CStart
                0x000014c8       0x2c ./src/PERIPHERAL/i2c.o
                0x000014c8                I2CStart
 .text.I2CStop  0x000014f4       0x1c ./src/PERIPHERAL/i2c.o
                0x000014f4                I2CStop
 .text.I2CInit  0x00001510       0x6c ./src/PERIPHERAL/i2c.o
                0x00001510                I2CInit
 .text.I2CEngine
                0x0000157c       0x38 ./src/PERIPHERAL/i2c.o
                0x0000157c                I2CEngine
 .text.initIO   0x000015b4       0x3c ./src/PERIPHERAL/io.o
                0x000015b4                initIO
 .text.SSP_IRQHandler
                0x000015f0       0x4c ./src/PERIPHERAL/ssp.o
                0x000015f0                SSP_IRQHandler
 .text.initTimer32_0
                0x0000163c       0x40 ./src/PERIPHERAL/timer.o
                0x0000163c                initTimer32_0
 .text.startTimer32_0
                0x0000167c        0xc ./src/PERIPHERAL/timer.o
                0x0000167c                startTimer32_0
 .text.initTimer32_1
                0x00001688       0x40 ./src/PERIPHERAL/timer.o
                0x00001688                initTimer32_1
 .text.startTimer32_1
                0x000016c8        0xc ./src/PERIPHERAL/timer.o
                0x000016c8                startTimer32_1
 .text.stopTimer32_1
                0x000016d4        0xc ./src/PERIPHERAL/timer.o
                0x000016d4                stopTimer32_1
 .text.UART_IRQHandler
                0x000016e0       0xb0 ./src/PERIPHERAL/uart.o
                0x000016e0                UART_IRQHandler
 .text.UARTInit
                0x00001790       0xd4 ./src/PERIPHERAL/uart.o
                0x00001790                UARTInit
 .text.UARTSend
                0x00001864       0x2c ./src/PERIPHERAL/uart.o
                0x00001864                UARTSend
 .text.VCOM_SendData
                0x00001890       0x30 ./src/PERIPHERAL/usbTransmission.o
                0x00001890                VCOM_SendData
 .text.VCOM_CheckState
                0x000018c0       0x20 ./src/PERIPHERAL/usbTransmission.o
                0x000018c0                VCOM_CheckState
 .text.tryUSBConnect
                0x000018e0       0x78 ./src/PERIPHERAL/usbTransmission.o
                0x000018e0                tryUSBConnect
 .text.isUSBConfig
                0x00001958        0xc ./src/PERIPHERAL/usbTransmission.o
                0x00001958                isUSBConfig
 .text.ser_OpenPort
                0x00001964       0x5c ./src/OTHER/serial.o
                0x00001964                ser_OpenPort
 .text.ser_ClosePort
                0x000019c0       0x38 ./src/OTHER/serial.o
                0x000019c0                ser_ClosePort
 .text.ser_InitPort
                0x000019f8       0xc8 ./src/OTHER/serial.o
                0x000019f8                ser_InitPort
 .text.ser_Read
                0x00001ac0       0x3c ./src/OTHER/serial.o
                0x00001ac0                ser_Read
 .text.ser_AvailChar
                0x00001afc       0x18 ./src/OTHER/serial.o
                0x00001afc                ser_AvailChar
 .text.ser_LineState
                0x00001b14       0x10 ./src/OTHER/serial.o
                0x00001b14                ser_LineState
 .text.modeSelectInfo
                0x00001b24       0x98 ./src/MODE/modeSelect.o
 .text.modeSelect
                0x00001bbc      0x14c ./src/MODE/modeSelect.o
                0x00001bbc                modeSelect
 .text.mode_calibAccXY
                0x00001d08       0x30 ./src/MODE/mode_calibAccXY.o
                0x00001d08                mode_calibAccXY
 .text.mode_calibAccZ
                0x00001d38       0x30 ./src/MODE/mode_calibAccZ.o
                0x00001d38                mode_calibAccZ
 .text.mode_calibMag
                0x00001d68       0x28 ./src/MODE/mode_calibMag.o
                0x00001d68                mode_calibMag
 .text.mode_calibOmega
                0x00001d90       0x1c ./src/MODE/mode_calibOmega.o
                0x00001d90                mode_calibOmega
 .text.mode_clearOffset
                0x00001dac       0x44 ./src/MODE/mode_clearOffset.o
                0x00001dac                mode_clearOffset
 .text.outputModeSelectInfo
                0x00001df0       0x5c ./src/MODE/mode_outputSelect.o
 .text.mode_outputSelect
                0x00001e4c       0xe0 ./src/MODE/mode_outputSelect.o
                0x00001e4c                mode_outputSelect
 .text.mode_viewAllData
                0x00001f2c       0x40 ./src/MODE/mode_viewAllData.o
                0x00001f2c                mode_viewAllData
 .text.mode_viewEEPROMData
                0x00001f6c       0x24 ./src/MODE/mode_viewEEPROMData.o
                0x00001f6c                mode_viewEEPROMData
 .text.write1byteEEPROM
                0x00001f90       0x38 ./src/MAIN/EEPROM_24LC16BT_I.o
                0x00001f90                write1byteEEPROM
 .text.read1byteEEPROM
                0x00001fc8       0x50 ./src/MAIN/EEPROM_24LC16BT_I.o
                0x00001fc8                read1byteEEPROM
 .text.writeNbyteEEPROM
                0x00002018       0x2c ./src/MAIN/EEPROM_24LC16BT_I.o
                0x00002018                writeNbyteEEPROM
 .text.readNbyteEEPROM
                0x00002044       0x50 ./src/MAIN/EEPROM_24LC16BT_I.o
                0x00002044                readNbyteEEPROM
 .text.printBlockData
                0x00002094       0x44 ./src/MAIN/EEPROM_24LC16BT_I.o
                0x00002094                printBlockData
 .text.printAllData
                0x000020d8       0x18 ./src/MAIN/EEPROM_24LC16BT_I.o
                0x000020d8                printAllData
 .text.startTimerInterruptMainFunction
                0x000020f0        0x8 ./src/MAIN/MainFunction.o
                0x000020f0                startTimerInterruptMainFunction
 .text.stopTimerInterruptMainFunction
                0x000020f8        0x8 ./src/MAIN/MainFunction.o
                0x000020f8                stopTimerInterruptMainFunction
 .text.setSendDataEnable
                0x00002100        0xc ./src/MAIN/MainFunction.o
                0x00002100                setSendDataEnable
 .text.writeEEPROMOutputMode
                0x0000210c       0x10 ./src/MAIN/MainFunction.o
                0x0000210c                writeEEPROMOutputMode
 .text.readEEPROMOutputMode
                0x0000211c        0xc ./src/MAIN/MainFunction.o
                0x0000211c                readEEPROMOutputMode
 .text.setOutputMode
                0x00002128       0x34 ./src/MAIN/MainFunction.o
                0x00002128                setOutputMode
 .text.TIMER32_1_IRQHandler
                0x0000215c      0x1a0 ./src/MAIN/MainFunction.o
                0x0000215c                TIMER32_1_IRQHandler
 .text.setStateGreenLED
                0x000022fc       0x28 ./src/MAIN/UserInterface.o
 .text.setStateRedLED
                0x00002324       0x28 ./src/MAIN/UserInterface.o
 .text.initUI   0x0000234c        0x8 ./src/MAIN/UserInterface.o
                0x0000234c                initUI
 .text.getStateSW
                0x00002354       0x14 ./src/MAIN/UserInterface.o
                0x00002354                getStateSW
 .text.getSWcount
                0x00002368        0xc ./src/MAIN/UserInterface.o
                0x00002368                getSWcount
 .text.turnGreenLED
                0x00002374       0x14 ./src/MAIN/UserInterface.o
                0x00002374                turnGreenLED
 .text.turnRedLED
                0x00002388       0x14 ./src/MAIN/UserInterface.o
                0x00002388                turnRedLED
 .text.flashGreenLED
                0x0000239c       0x1c ./src/MAIN/UserInterface.o
                0x0000239c                flashGreenLED
 .text.flashRedLED
                0x000023b8       0x1c ./src/MAIN/UserInterface.o
                0x000023b8                flashRedLED
 .text.TIMER32_0_IRQHandler
                0x000023d4       0xf8 ./src/MAIN/UserInterface.o
                0x000023d4                TIMER32_0_IRQHandler
 .text.init     0x000024cc       0x5c ./src/MAIN/main.o
                0x000024cc                init
 .text.main     0x00002528       0x90 ./src/MAIN/main.o
                0x00002528                main
 .text.initMPU9250
                0x000025b8       0xc8 ./src/MAIN/mpu9250.o
                0x000025b8                initMPU9250
 .text.initAK8963
                0x00002680       0xd0 ./src/MAIN/mpu9250.o
                0x00002680                initAK8963
 .text.getDataFromMPU9250
                0x00002750       0x28 ./src/MAIN/mpu9250.o
                0x00002750                getDataFromMPU9250
 .text.getDataFromAK8963
                0x00002778       0x28 ./src/MAIN/mpu9250.o
                0x00002778                getDataFromAK8963
 .text.getOmega
                0x000027a0       0x1c ./src/MAIN/mpu9250.o
                0x000027a0                getOmega
 .text.getMag   0x000027bc       0x1c ./src/MAIN/mpu9250.o
                0x000027bc                getMag
 .text.getAcc   0x000027d8       0x1c ./src/MAIN/mpu9250.o
                0x000027d8                getAcc
 .text.getTemp  0x000027f4        0xc ./src/MAIN/mpu9250.o
                0x000027f4                getTemp
 .text.debugMPU9250
                0x00002800      0x24c ./src/MAIN/mpu9250.o
                0x00002800                debugMPU9250
 .text.writeEEPROMOffsetAccInt
                0x00002a4c       0x10 ./src/MAIN/mpu9250.o
                0x00002a4c                writeEEPROMOffsetAccInt
 .text.writeEEPROMOffsetOmegaInt
                0x00002a5c       0x10 ./src/MAIN/mpu9250.o
                0x00002a5c                writeEEPROMOffsetOmegaInt
 .text.writeEEPROMOffsetMagInt
                0x00002a6c       0x10 ./src/MAIN/mpu9250.o
                0x00002a6c                writeEEPROMOffsetMagInt
 .text.readEEPROMOffsetAccInt
                0x00002a7c       0x10 ./src/MAIN/mpu9250.o
                0x00002a7c                readEEPROMOffsetAccInt
 .text.readEEPROMOffsetOmegaInt
                0x00002a8c       0x10 ./src/MAIN/mpu9250.o
                0x00002a8c                readEEPROMOffsetOmegaInt
 .text.readEEPROMOffsetMagInt
                0x00002a9c       0x10 ./src/MAIN/mpu9250.o
                0x00002a9c                readEEPROMOffsetMagInt
 .text.initOffsetByEEPROM
                0x00002aac       0x24 ./src/MAIN/mpu9250.o
                0x00002aac                initOffsetByEEPROM
 .text.concatenate2Byte_int
                0x00002ad0       0x14 ./src/MAIN/mpu9250.o
                0x00002ad0                concatenate2Byte_int
 *fill*         0x00002ae4        0x4 
 .text.updateMPU9250Data
                0x00002ae8      0x308 ./src/MAIN/mpu9250.o
                0x00002ae8                updateMPU9250Data
 .text.calibOmegaOffset
                0x00002df0      0x170 ./src/MAIN/mpu9250.o
                0x00002df0                calibOmegaOffset
 .text.calibAccXYOffset
                0x00002f60      0x104 ./src/MAIN/mpu9250.o
                0x00002f60                calibAccXYOffset
 .text.calibAccZOffset
                0x00003064       0xac ./src/MAIN/mpu9250.o
                0x00003064                calibAccZOffset
 .text.updateAK8963Data
                0x00003110      0x208 ./src/MAIN/mpu9250.o
                0x00003110                updateAK8963Data
 .text.calibMagOffset
                0x00003318      0x128 ./src/MAIN/mpu9250.o
                0x00003318                calibMagOffset
 .text.quickSort
                0x00003440       0x68 ./src/MAIN/tinyMathFunctions.o
                0x00003440                quickSort
 .text.__NOP    0x000034a8       0x10 C:\Users\ryota\Desktop\LPCXpresso Sample Program\workspace\CMSISv1p30_LPC13xx\Debug\libCMSISv1p30_LPC13xx.a(system_LPC13xx.o)
 .text.SystemInit
                0x000034b8      0x120 C:\Users\ryota\Desktop\LPCXpresso Sample Program\workspace\CMSISv1p30_LPC13xx\Debug\libCMSISv1p30_LPC13xx.a(system_LPC13xx.o)
                0x000034b8                SystemInit
 .text.__main   0x000035d8       0x14 c:/nxp/lpcxpresso_7.7.2_379/lpcxpresso/tools/bin/../lib/gcc/arm-none-eabi/4.9.3/../../../../arm-none-eabi/lib/armv7-m\libcr_semihost.a(_cr__main.o)
                0x000035d8                __CR_SEMIHOST
                0x000035d8                __main
 .text.memcpy   0x000035ec        0x4 c:/nxp/lpcxpresso_7.7.2_379/lpcxpresso/tools/bin/../lib/gcc/arm-none-eabi/4.9.3/../../../../arm-none-eabi/lib/armv7-m\libcr_c.a(memcpy.o)
                0x000035ec                memcpy
 .text.fp_round
                0x000035f0       0x4a c:/nxp/lpcxpresso_7.7.2_379/lpcxpresso/tools/bin/../lib/gcc/arm-none-eabi/4.9.3/../../../../arm-none-eabi/lib/armv7-m\libcr_c.a(fpprintf.o)
 .text.pr_dec.constprop.1
                0x0000363a       0x26 c:/nxp/lpcxpresso_7.7.2_379/lpcxpresso/tools/bin/../lib/gcc/arm-none-eabi/4.9.3/../../../../arm-none-eabi/lib/armv7-m\libcr_c.a(fpprintf.o)
 .text.sprintf  0x00003660       0x6c c:/nxp/lpcxpresso_7.7.2_379/lpcxpresso/tools/bin/../lib/gcc/arm-none-eabi/4.9.3/../../../../arm-none-eabi/lib/armv7-m\libcr_c.a(fpprintf.o)
                0x00003660                sprintf
 *fill*         0x000036cc        0x4 
 .text.fp_display
                0x000036d0      0x900 c:/nxp/lpcxpresso_7.7.2_379/lpcxpresso/tools/bin/../lib/gcc/arm-none-eabi/4.9.3/../../../../arm-none-eabi/lib/armv7-m\libcr_c.a(fpprintf.o)
 .text.vsprintf
                0x00003fd0       0x5c c:/nxp/lpcxpresso_7.7.2_379/lpcxpresso/tools/bin/../lib/gcc/arm-none-eabi/4.9.3/../../../../arm-none-eabi/lib/armv7-m\libcr_c.a(fpprintf.o)
                0x00003fd0                vsprintf
 .text._initio  0x0000402c       0xa4 c:/nxp/lpcxpresso_7.7.2_379/lpcxpresso/tools/bin/../lib/gcc/arm-none-eabi/4.9.3/../../../../arm-none-eabi/lib/armv7-m\libcr_c.a(initio.o)
                0x0000402c                _initio
 .text.__vfprintf
                0x000040d0      0xca4 c:/nxp/lpcxpresso_7.7.2_379/lpcxpresso/tools/bin/../lib/gcc/arm-none-eabi/4.9.3/../../../../arm-none-eabi/lib/armv7-m\libcr_c.a(printf.o)
                0x000040d0                __vfprintf
 .text.setvbuf  0x00004d74       0x40 c:/nxp/lpcxpresso_7.7.2_379/lpcxpresso/tools/bin/../lib/gcc/arm-none-eabi/4.9.3/../../../../arm-none-eabi/lib/armv7-m\libcr_c.a(setvbuf.o)
                0x00004d74                setvbuf
 .text.strlen   0x00004db4       0x4a c:/nxp/lpcxpresso_7.7.2_379/lpcxpresso/tools/bin/../lib/gcc/arm-none-eabi/4.9.3/../../../../arm-none-eabi/lib/armv7-m\libcr_c.a(strlen.o)
                0x00004db4                strlen
 .text.memset   0x00004dfe        0x4 c:/nxp/lpcxpresso_7.7.2_379/lpcxpresso/tools/bin/../lib/gcc/arm-none-eabi/4.9.3/../../../../arm-none-eabi/lib/armv7-m\libcr_c.a(memset.o)
                0x00004dfe                memset
 .text._deferredlazyseek
                0x00004e02       0x44 c:/nxp/lpcxpresso_7.7.2_379/lpcxpresso/tools/bin/../lib/gcc/arm-none-eabi/4.9.3/../../../../arm-none-eabi/lib/armv7-m\libcr_c.a(_deferredlazyseek.o)
                0x00004e02                _deferredlazyseek
 .text.__flsbuf
                0x00004e46      0x142 c:/nxp/lpcxpresso_7.7.2_379/lpcxpresso/tools/bin/../lib/gcc/arm-none-eabi/4.9.3/../../../../arm-none-eabi/lib/armv7-m\libcr_c.a(_deferredlazyseek.o)
                0x00004e46                __flsbuf
 .text._fdopen  0x00004f88       0x6a c:/nxp/lpcxpresso_7.7.2_379/lpcxpresso/tools/bin/../lib/gcc/arm-none-eabi/4.9.3/../../../../arm-none-eabi/lib/armv7-m\libcr_c.a(_fdopen.o)
                0x00004f88                _fdopen
 .text._fflush  0x00004ff2       0x58 c:/nxp/lpcxpresso_7.7.2_379/lpcxpresso/tools/bin/../lib/gcc/arm-none-eabi/4.9.3/../../../../arm-none-eabi/lib/armv7-m\libcr_c.a(_fflush.o)
                0x00004ff2                _fflush
 .text._frexpl  0x0000504a       0x5a c:/nxp/lpcxpresso_7.7.2_379/lpcxpresso/tools/bin/../lib/gcc/arm-none-eabi/4.9.3/../../../../arm-none-eabi/lib/armv7-m\libcr_c.a(_frexpl.o)
                0x0000504a                _frexpl
 .text._ldexpl  0x000050a4       0x4c c:/nxp/lpcxpresso_7.7.2_379/lpcxpresso/tools/bin/../lib/gcc/arm-none-eabi/4.9.3/../../../../arm-none-eabi/lib/armv7-m\libcr_c.a(_ldexpl.o)
                0x000050a4                _ldexpl
 .text._Cwritebuf
                0x000050f0       0x70 c:/nxp/lpcxpresso_7.7.2_379/lpcxpresso/tools/bin/../lib/gcc/arm-none-eabi/4.9.3/../../../../arm-none-eabi/lib/armv7-m\libcr_c.a(_writebuf.o)
                0x000050f0                _Cwritebuf
 .text.malloc   0x00005160       0xcc c:/nxp/lpcxpresso_7.7.2_379/lpcxpresso/tools/bin/../lib/gcc/arm-none-eabi/4.9.3/../../../../arm-none-eabi/lib/armv7-m\libcr_c.a(alloc.o)
                0x00005160                malloc
 .text.free     0x0000522c       0x30 c:/nxp/lpcxpresso_7.7.2_379/lpcxpresso/tools/bin/../lib/gcc/arm-none-eabi/4.9.3/../../../../arm-none-eabi/lib/armv7-m\libcr_c.a(alloc.o)
                0x0000522c                free
 .text._Csys_alloc
                0x0000525c       0x20 c:/nxp/lpcxpresso_7.7.2_379/lpcxpresso/tools/bin/../lib/gcc/arm-none-eabi/4.9.3/../../../../arm-none-eabi/lib/armv7-m\libcr_c.a(alloc.o)
                0x0000525c                _Csys_alloc
 .text.fclose   0x0000527c       0x6c c:/nxp/lpcxpresso_7.7.2_379/lpcxpresso/tools/bin/../lib/gcc/arm-none-eabi/4.9.3/../../../../arm-none-eabi/lib/armv7-m\libcr_c.a(fclose.o)
                0x0000527c                fclose
 .text.fflush   0x000052e8       0x30 c:/nxp/lpcxpresso_7.7.2_379/lpcxpresso/tools/bin/../lib/gcc/arm-none-eabi/4.9.3/../../../../arm-none-eabi/lib/armv7-m\libcr_c.a(fflush.o)
                0x000052e8                fflush
 .text.fseek    0x00005318      0x110 c:/nxp/lpcxpresso_7.7.2_379/lpcxpresso/tools/bin/../lib/gcc/arm-none-eabi/4.9.3/../../../../arm-none-eabi/lib/armv7-m\libcr_c.a(fseek.o)
                0x00005318                fseek
 .text.ftell    0x00005428       0x4c c:/nxp/lpcxpresso_7.7.2_379/lpcxpresso/tools/bin/../lib/gcc/arm-none-eabi/4.9.3/../../../../arm-none-eabi/lib/armv7-m\libcr_c.a(ftell.o)
                0x00005428                ftell
 .text.remove   0x00005474       0x14 c:/nxp/lpcxpresso_7.7.2_379/lpcxpresso/tools/bin/../lib/gcc/arm-none-eabi/4.9.3/../../../../arm-none-eabi/lib/armv7-m\libcr_c.a(remove.o)
                0x00005474                remove
 .text._sbrk    0x00005488       0x40 c:/nxp/lpcxpresso_7.7.2_379/lpcxpresso/tools/bin/../lib/gcc/arm-none-eabi/4.9.3/../../../../arm-none-eabi/lib/armv7-m\libcr_c.a(_cr_sbrk.o)
                0x00005488                _sbrk
 .text._do_fflush
                0x000054c8       0x44 c:/nxp/lpcxpresso_7.7.2_379/lpcxpresso/tools/bin/../lib/gcc/arm-none-eabi/4.9.3/../../../../arm-none-eabi/lib/armv7-m\libcr_c.a(_do_fflush.o)
                0x000054c8                _do_fflush
 .text.__check_heap_overflow
                0x0000550c       0x18 c:/nxp/lpcxpresso_7.7.2_379/lpcxpresso/tools/bin/../lib/gcc/arm-none-eabi/4.9.3/../../../../arm-none-eabi/lib/armv7-m\libcr_c.a(_cr_check_heap.o)
                0x0000550c                __check_heap_overflow
 .text.__aeabi_dmul
                0x00005524      0x120 c:/nxp/lpcxpresso_7.7.2_379/lpcxpresso/tools/bin/../lib/gcc/arm-none-eabi/4.9.3/armv7-m\libcr_eabihelpers.a(double.o)
                0x00005524                __aeabi_dmul
 .text.__aeabi_ddiv
                0x00005644      0x150 c:/nxp/lpcxpresso_7.7.2_379/lpcxpresso/tools/bin/../lib/gcc/arm-none-eabi/4.9.3/armv7-m\libcr_eabihelpers.a(double.o)
                0x00005644                __aeabi_ddiv
 .text.__aeabi_dsub
                0x00005794      0x1d8 c:/nxp/lpcxpresso_7.7.2_379/lpcxpresso/tools/bin/../lib/gcc/arm-none-eabi/4.9.3/armv7-m\libcr_eabihelpers.a(double.o)
                0x00005794                __aeabi_dsub
 .text.__aeabi_dadd
                0x0000596c      0x134 c:/nxp/lpcxpresso_7.7.2_379/lpcxpresso/tools/bin/../lib/gcc/arm-none-eabi/4.9.3/armv7-m\libcr_eabihelpers.a(double.o)
                0x0000596c                __aeabi_dadd
 .text.__aeabi_d2f
                0x00005aa0       0x5c c:/nxp/lpcxpresso_7.7.2_379/lpcxpresso/tools/bin/../lib/gcc/arm-none-eabi/4.9.3/armv7-m\libcr_eabihelpers.a(double.o)
                0x00005aa0                __aeabi_d2f
 .text.__aeabi_d2iz
                0x00005afc       0x40 c:/nxp/lpcxpresso_7.7.2_379/lpcxpresso/tools/bin/../lib/gcc/arm-none-eabi/4.9.3/armv7-m\libcr_eabihelpers.a(double.o)
                0x00005afc                __aeabi_d2iz
 .text.__bhs_ui2d
                0x00005b3c       0x48 c:/nxp/lpcxpresso_7.7.2_379/lpcxpresso/tools/bin/../lib/gcc/arm-none-eabi/4.9.3/armv7-m\libcr_eabihelpers.a(double.o)
                0x00005b3c                __bhs_ui2d
 .text.__aeabi_i2d
                0x00005b84       0x14 c:/nxp/lpcxpresso_7.7.2_379/lpcxpresso/tools/bin/../lib/gcc/arm-none-eabi/4.9.3/armv7-m\libcr_eabihelpers.a(double.o)
                0x00005b84                __aeabi_i2d
 .text.__aeabi_dcmpeq
                0x00005b98       0x2c c:/nxp/lpcxpresso_7.7.2_379/lpcxpresso/tools/bin/../lib/gcc/arm-none-eabi/4.9.3/armv7-m\libcr_eabihelpers.a(double.o)
                0x00005b98                __aeabi_dcmpeq
 .text.__aeabi_dcmplt
                0x00005bc4       0x5c c:/nxp/lpcxpresso_7.7.2_379/lpcxpresso/tools/bin/../lib/gcc/arm-none-eabi/4.9.3/armv7-m\libcr_eabihelpers.a(double.o)
                0x00005bc4                __aeabi_dcmplt
 .text.__aeabi_dcmple
                0x00005c20       0x5c c:/nxp/lpcxpresso_7.7.2_379/lpcxpresso/tools/bin/../lib/gcc/arm-none-eabi/4.9.3/armv7-m\libcr_eabihelpers.a(double.o)
                0x00005c20                __aeabi_dcmple
 .text.__aeabi_dcmpge
                0x00005c7c       0x5c c:/nxp/lpcxpresso_7.7.2_379/lpcxpresso/tools/bin/../lib/gcc/arm-none-eabi/4.9.3/armv7-m\libcr_eabihelpers.a(double.o)
                0x00005c7c                __aeabi_dcmpge
 .text.__bhs_ui2f.part.0
                0x00005cd8       0x20 c:/nxp/lpcxpresso_7.7.2_379/lpcxpresso/tools/bin/../lib/gcc/arm-none-eabi/4.9.3/armv7-m\libcr_eabihelpers.a(float.o)
 .text.__aeabi_fmul
                0x00005cf8       0xc0 c:/nxp/lpcxpresso_7.7.2_379/lpcxpresso/tools/bin/../lib/gcc/arm-none-eabi/4.9.3/armv7-m\libcr_eabihelpers.a(float.o)
                0x00005cf8                __aeabi_fmul
 .text.__aeabi_fdiv
                0x00005db8       0xc0 c:/nxp/lpcxpresso_7.7.2_379/lpcxpresso/tools/bin/../lib/gcc/arm-none-eabi/4.9.3/armv7-m\libcr_eabihelpers.a(float.o)
                0x00005db8                __aeabi_fdiv
 .text.__aeabi_fsub
                0x00005e78       0xec c:/nxp/lpcxpresso_7.7.2_379/lpcxpresso/tools/bin/../lib/gcc/arm-none-eabi/4.9.3/armv7-m\libcr_eabihelpers.a(float.o)
                0x00005e78                __aeabi_fsub
 .text.__aeabi_fadd
                0x00005f64       0xb4 c:/nxp/lpcxpresso_7.7.2_379/lpcxpresso/tools/bin/../lib/gcc/arm-none-eabi/4.9.3/armv7-m\libcr_eabihelpers.a(float.o)
                0x00005f64                __aeabi_fadd
 .text.__aeabi_i2f
                0x00006018       0x20 c:/nxp/lpcxpresso_7.7.2_379/lpcxpresso/tools/bin/../lib/gcc/arm-none-eabi/4.9.3/armv7-m\libcr_eabihelpers.a(float.o)
                0x00006018                __aeabi_i2f
 .text.__aeabi_f2d
                0x00006038       0x3c c:/nxp/lpcxpresso_7.7.2_379/lpcxpresso/tools/bin/../lib/gcc/arm-none-eabi/4.9.3/armv7-m\libcr_eabihelpers.a(float.o)
                0x00006038                __aeabi_f2d
 .text.__aeabi_memcpy
                0x00006074       0x34 c:/nxp/lpcxpresso_7.7.2_379/lpcxpresso/tools/bin/../lib/gcc/arm-none-eabi/4.9.3/armv7-m\libcr_eabihelpers.a(memcpy.o)
                0x00006074                __aeabi_memcpy
                0x0000607e                __aeabi_memcpy8
                0x0000607e                __aeabi_memcpy4
 .text.__aeabi_memset_lowlevel
                0x000060a8       0x32 c:/nxp/lpcxpresso_7.7.2_379/lpcxpresso/tools/bin/../lib/gcc/arm-none-eabi/4.9.3/armv7-m\libcr_eabihelpers.a(memcpy.o)
                0x000060a8                __aeabi_lowlevel_memset
 *fill*         0x000060da        0x2 
 .text.__sys_appexit
                0x000060dc        0xc c:/nxp/lpcxpresso_7.7.2_379/lpcxpresso/tools/bin/../lib/gcc/arm-none-eabi/4.9.3/../../../../arm-none-eabi/lib/armv7-m\libcr_semihost.a(__sys_appexit.o)
                0x000060dc                __sys_appexit
                0x000060dc                __exit
 .text.__sys_close
                0x000060e8        0xc c:/nxp/lpcxpresso_7.7.2_379/lpcxpresso/tools/bin/../lib/gcc/arm-none-eabi/4.9.3/../../../../arm-none-eabi/lib/armv7-m\libcr_semihost.a(__sys_close.o)
                0x000060e8                __sys_close
 .text.__sys_flen
                0x000060f4        0xc c:/nxp/lpcxpresso_7.7.2_379/lpcxpresso/tools/bin/../lib/gcc/arm-none-eabi/4.9.3/../../../../arm-none-eabi/lib/armv7-m\libcr_semihost.a(__sys_flen.o)
                0x000060f4                __sys_flen
 .text.__sys_istty
                0x00006100        0xc c:/nxp/lpcxpresso_7.7.2_379/lpcxpresso/tools/bin/../lib/gcc/arm-none-eabi/4.9.3/../../../../arm-none-eabi/lib/armv7-m\libcr_semihost.a(__sys_istty.o)
                0x00006100                __sys_istty
 .text.__sys_remove
                0x0000610c        0xc c:/nxp/lpcxpresso_7.7.2_379/lpcxpresso/tools/bin/../lib/gcc/arm-none-eabi/4.9.3/../../../../arm-none-eabi/lib/armv7-m\libcr_semihost.a(__sys_remove.o)
                0x0000610c                __sys_remove
 .text.__sys_seek
                0x00006118        0xc c:/nxp/lpcxpresso_7.7.2_379/lpcxpresso/tools/bin/../lib/gcc/arm-none-eabi/4.9.3/../../../../arm-none-eabi/lib/armv7-m\libcr_semihost.a(__sys_seek.o)
                0x00006118                __sys_seek
 .text.__sys_tmpnam
                0x00006124        0xc c:/nxp/lpcxpresso_7.7.2_379/lpcxpresso/tools/bin/../lib/gcc/arm-none-eabi/4.9.3/../../../../arm-none-eabi/lib/armv7-m\libcr_semihost.a(__sys_tmpnam.o)
                0x00006124                __sys_tmpnam
 .text.__sys_write
                0x00006130        0xc c:/nxp/lpcxpresso_7.7.2_379/lpcxpresso/tools/bin/../lib/gcc/arm-none-eabi/4.9.3/../../../../arm-none-eabi/lib/armv7-m\libcr_semihost.a(__sys_write.o)
                0x00006130                __sys_write
                0x00006130                __write
 *(.rodata .rodata.* .constdata .constdata.*)
 .rodata.USB_ConfigDescriptor
                0x0000613c       0x44 ./src/USB/usbdesc.o
                0x0000613c                USB_ConfigDescriptor
 .rodata.USB_StringDescriptor
                0x00006180       0x60 ./src/USB/usbdesc.o
                0x00006180                USB_StringDescriptor
 .rodata.USB_DeviceDescriptor
                0x000061e0       0x14 ./src/USB/usbdesc.o
                0x000061e0                USB_DeviceDescriptor
 .rodata.USB_P_EP
                0x000061f4       0x14 ./src/USB/usbuser.o
                0x000061f4                USB_P_EP
 .rodata.str1.4
                0x00006208      0x2b3 ./src/MODE/modeSelect.o
                                0x2b4 (size before relaxing)
 *fill*         0x000064bb        0x1 
 .rodata.str1.4
                0x000064bc       0x7f ./src/MODE/mode_calibAccXY.o
                                 0x80 (size before relaxing)
 *fill*         0x0000653b        0x1 
 .rodata.str1.4
                0x0000653c       0x51 ./src/MODE/mode_calibAccZ.o
                                 0x7c (size before relaxing)
 *fill*         0x0000658d        0x3 
 .rodata.str1.4
                0x00006590       0x5a ./src/MODE/mode_calibMag.o
                                 0x5c (size before relaxing)
 *fill*         0x000065ea        0x2 
 .rodata.str1.4
                0x000065ec       0x31 ./src/MODE/mode_calibOmega.o
                                 0x34 (size before relaxing)
 *fill*         0x0000661d        0x3 
 .rodata.str1.4
                0x00006620       0x31 ./src/MODE/mode_clearOffset.o
                                 0x34 (size before relaxing)
 *fill*         0x00006651        0x3 
 .rodata.str1.4
                0x00006654       0xdd ./src/MODE/mode_outputSelect.o
                                0x188 (size before relaxing)
 *fill*         0x00006731        0x3 
 .rodata.str1.4
                0x00006734       0x51 ./src/MODE/mode_viewAllData.o
                                 0x54 (size before relaxing)
 *fill*         0x00006785        0x3 
 .rodata.str1.4
                0x00006788       0x34 ./src/MODE/mode_viewEEPROMData.o
 .rodata.str1.4
                0x000067bc       0x1f ./src/MAIN/EEPROM_24LC16BT_I.o
                                 0x20 (size before relaxing)
 *fill*         0x000067db        0x1 
 .rodata.str1.4
                0x000067dc       0x29 ./src/MAIN/MainFunction.o
                                 0x2c (size before relaxing)
 *fill*         0x00006805        0x3 
 .rodata.str1.4
                0x00006808      0x354 ./src/MAIN/mpu9250.o
 .rodata.str1.1
                0x00006b5c       0x34 c:/nxp/lpcxpresso_7.7.2_379/lpcxpresso/tools/bin/../lib/gcc/arm-none-eabi/4.9.3/../../../../arm-none-eabi/lib/armv7-m\libcr_c.a(fpprintf.o)
                                 0x35 (size before relaxing)
 .rodata.str1.1
                0x00006b90        0x4 c:/nxp/lpcxpresso_7.7.2_379/lpcxpresso/tools/bin/../lib/gcc/arm-none-eabi/4.9.3/../../../../arm-none-eabi/lib/armv7-m\libcr_c.a(initio.o)
 .rodata.str1.1
                0x00006b94       0x31 c:/nxp/lpcxpresso_7.7.2_379/lpcxpresso/tools/bin/../lib/gcc/arm-none-eabi/4.9.3/../../../../arm-none-eabi/lib/armv7-m\libcr_c.a(printf.o)
                                 0x38 (size before relaxing)
 .rodata.str1.1
                0x00006bc5       0x18 c:/nxp/lpcxpresso_7.7.2_379/lpcxpresso/tools/bin/../lib/gcc/arm-none-eabi/4.9.3/../../../../arm-none-eabi/lib/armv7-m\libcr_c.a(alloc.o)
 *fill*         0x00006bdd        0x3 
 .rodata.__huge_vall
                0x00006be0        0x8 c:/nxp/lpcxpresso_7.7.2_379/lpcxpresso/tools/bin/../lib/gcc/arm-none-eabi/4.9.3/../../../../arm-none-eabi/lib/armv7-m\libcr_c.a(_hugeval.o)
                0x00006be0                __huge_vall
                0x00006be8                . = ALIGN (0x4)

.glue_7         0x00006be8        0x0
 .glue_7        0x00000000        0x0 linker stubs

.glue_7t        0x00006be8        0x0
 .glue_7t       0x00000000        0x0 linker stubs

.vfp11_veneer   0x00006be8        0x0
 .vfp11_veneer  0x00000000        0x0 linker stubs

.v4_bx          0x00006be8        0x0
 .v4_bx         0x00000000        0x0 linker stubs

.iplt           0x00006be8        0x0
 .iplt          0x00000000        0x0 ./src/USB/cdcuser.o

.rel.dyn        0x00006be8        0x0
 .rel.iplt      0x00000000        0x0 ./src/USB/cdcuser.o

.ARM.extab
 *(.ARM.extab* .gnu.linkonce.armextab.*)
                0x00006be8                __exidx_start = .

.ARM.exidx
 *(.ARM.exidx* .gnu.linkonce.armexidx.*)
                0x00006be8                __exidx_end = .
                0x00006be8                _etext = .

.uninit_RESERVED
                0x10000000        0x0
 *(.bss.$RESERVED*)
                0x10000000                . = ALIGN (0x4)
                0x10000000                _end_uninit_RESERVED = .

.data           0x10000000       0x1c load address 0x00006be8
 FILL mask 0xff
                0x10000000                _data = .
 *(vtable)
 *(.ramfunc*)
 *(.data*)
 .data.CDC_DepInEmpty
                0x10000000        0x2 ./src/USB/cdcuser.o
                0x10000000                CDC_DepInEmpty
 *fill*         0x10000002        0x2 
 .data.CDC_LineCoding
                0x10000004        0x8 ./src/USB/cdcuser.o
                0x10000004                CDC_LineCoding
 .data.UARTTxEmpty
                0x1000000c        0x1 ./src/PERIPHERAL/uart.o
                0x1000000c                UARTTxEmpty
 .data.output_mode
                0x1000000d        0x1 ./src/MAIN/MainFunction.o
 .data.off_count_red_LED
                0x1000000e        0x2 ./src/MAIN/UserInterface.o
 .data.off_count_green_LED
                0x10000010        0x2 ./src/MAIN/UserInterface.o
 *fill*         0x10000012        0x2 
 .data.Asa      0x10000014        0x4 ./src/MAIN/mpu9250.o
 .data          0x10000018        0x4 C:\Users\ryota\Desktop\LPCXpresso Sample Program\workspace\CMSISv1p30_LPC13xx\Debug\libCMSISv1p30_LPC13xx.a(system_LPC13xx.o)
                0x10000018                SystemCoreClock
                0x1000001c                . = ALIGN (0x4)
                0x1000001c                _edata = .

.igot.plt       0x1000001c        0x0 load address 0x00006c04
 .igot.plt      0x00000000        0x0 ./src/USB/cdcuser.o

.bss            0x1000001c      0x690 load address 0x00006c04
                0x1000001c                _bss = .
 *(.bss*)
 .bss.CDC_SerialState
                0x1000001c        0x2 ./src/USB/cdcuser.o
                0x1000001c                CDC_SerialState
 .bss.serialState.4049
                0x1000001e        0x2 ./src/USB/usbuser.o
 .bss.systick_wait_count
                0x10000020        0x4 ./src/PERIPHERAL/SystemTickTimer.o
 .bss.systick_time_count
                0x10000024        0x4 ./src/PERIPHERAL/SystemTickTimer.o
 .bss.systick_handler_state
                0x10000028        0x1 ./src/PERIPHERAL/SystemTickTimer.o
 *fill*         0x10000029        0x3 
 .bss.RdIndex   0x1000002c        0x4 ./src/PERIPHERAL/i2c.o
                0x1000002c                RdIndex
 .bss.I2CMasterState
                0x10000030        0x4 ./src/PERIPHERAL/i2c.o
                0x10000030                I2CMasterState
 .bss.WrIndex   0x10000034        0x4 ./src/PERIPHERAL/i2c.o
                0x10000034                WrIndex
 .bss.interruptRxTimeoutStat
                0x10000038        0x4 ./src/PERIPHERAL/ssp.o
                0x10000038                interruptRxTimeoutStat
 .bss.interruptRxStat
                0x1000003c        0x4 ./src/PERIPHERAL/ssp.o
                0x1000003c                interruptRxStat
 .bss.interruptOverRunStat
                0x10000040        0x4 ./src/PERIPHERAL/ssp.o
                0x10000040                interruptOverRunStat
 .bss.UARTCount
                0x10000044        0x4 ./src/PERIPHERAL/uart.o
                0x10000044                UARTCount
 .bss.serialState.4669
                0x10000048        0x2 ./src/PERIPHERAL/usbTransmission.o
 .bss.flag_usb_config
                0x1000004a        0x1 ./src/PERIPHERAL/usbTransmission.o
 .bss.flag_send_data_enable
                0x1000004b        0x1 ./src/MAIN/MainFunction.o
 .bss.timestamp.4638
                0x1000004c        0x1 ./src/MAIN/MainFunction.o
 *fill*         0x1000004d        0x3 
 .bss.elapsed_time_count
                0x10000050        0x4 ./src/MAIN/UserInterface.o
 .bss.on_count_green_LED
                0x10000054        0x2 ./src/MAIN/UserInterface.o
 .bss.red_LED_count
                0x10000056        0x2 ./src/MAIN/UserInterface.o
 .bss.green_LED_count
                0x10000058        0x2 ./src/MAIN/UserInterface.o
 .bss.flag_flash_red_LED
                0x1000005a        0x1 ./src/MAIN/UserInterface.o
 *fill*         0x1000005b        0x1 
 .bss.on_count_red_LED
                0x1000005c        0x2 ./src/MAIN/UserInterface.o
 .bss.SW_count  0x1000005e        0x2 ./src/MAIN/UserInterface.o
 .bss.flag_flash_green_LED
                0x10000060        0x1 ./src/MAIN/UserInterface.o
 *fill*         0x10000061        0x3 
 .bss.omega_vec_raw_int
                0x10000064        0x8 ./src/MAIN/mpu9250.o
 .bss.mag_vec_int
                0x1000006c        0x8 ./src/MAIN/mpu9250.o
 .bss.temperature_raw_int
                0x10000074        0x2 ./src/MAIN/mpu9250.o
 .bss.temperature_int
                0x10000076        0x2 ./src/MAIN/mpu9250.o
 .bss.temperature
                0x10000078        0x4 ./src/MAIN/mpu9250.o
 .bss.mag_vec_raw_int
                0x1000007c        0x8 ./src/MAIN/mpu9250.o
 .bss.mag_offset_vec
                0x10000084        0x8 ./src/MAIN/mpu9250.o
 .bss.acc_vec_raw_int
                0x1000008c        0x8 ./src/MAIN/mpu9250.o
 .bss.ak8963ArrayData
                0x10000094        0x8 ./src/MAIN/mpu9250.o
 .bss.omega_offset_vec
                0x1000009c        0x8 ./src/MAIN/mpu9250.o
 .bss.mpu9250ArrayData
                0x100000a4       0x10 ./src/MAIN/mpu9250.o
 .bss.acc_vec_int
                0x100000b4        0x8 ./src/MAIN/mpu9250.o
 .bss.omega_vec
                0x100000bc        0xc ./src/MAIN/mpu9250.o
 .bss.omega_vec_int
                0x100000c8        0x8 ./src/MAIN/mpu9250.o
 .bss.mag_vec   0x100000d0        0xc ./src/MAIN/mpu9250.o
 .bss.acc_vec   0x100000dc        0xc ./src/MAIN/mpu9250.o
 .bss.acc_offset_vec
                0x100000e8        0x8 ./src/MAIN/mpu9250.o
 .bss.errno     0x100000f0        0x4 c:/nxp/lpcxpresso_7.7.2_379/lpcxpresso/tools/bin/../lib/gcc/arm-none-eabi/4.9.3/../../../../arm-none-eabi/lib/armv7-m\libcr_c.a(errno.o)
                0x100000f0                errno
 *(COMMON)
 COMMON         0x100000f4      0x154 ./src/USB/cdcuser.o
                0x100000f4                BulkBufOut
                0x10000174                NotificationBuf
                0x10000180                BulkBufIn
                0x10000200                CDC_OutBuf
 COMMON         0x10000248       0x6e ./src/USB/usbcore.o
                0x10000248                USB_AltSetting
                0x1000024c                EP0Buf
                0x1000028c                USB_EndPointMask
                0x10000290                USB_DeviceAddress
                0x10000294                USB_EndPointStall
                0x10000298                USB_EndPointHalt
                0x1000029c                USB_Configuration
                0x100002a0                SetupPacket
                0x100002a8                USB_NumInterfaces
                0x100002ac                EP0Data
                0x100002b4                USB_DeviceStatus
 *fill*         0x100002b6        0x2 
 COMMON         0x100002b8      0x10c ./src/PERIPHERAL/i2c.o
                0x100002b8                I2CReadLength
                0x100002bc                I2CSlaveBuffer
                0x1000033c                I2CMode
                0x10000340                I2CMasterBuffer
                0x100003c0                I2CWriteLength
 COMMON         0x100003c4       0x84 ./src/PERIPHERAL/uart.o
                0x100003c4                UARTBuffer
                0x10000444                UARTStatus
 COMMON         0x10000448      0x118 ./src/OTHER/serial.o
                0x10000448                ser_in
                0x100004d0                ser_txRestart
                0x100004d4                ser_lineState
                0x100004d8                ser_out
 COMMON         0x10000560        0x4 c:/nxp/lpcxpresso_7.7.2_379/lpcxpresso/tools/bin/../lib/gcc/arm-none-eabi/4.9.3/../../../../arm-none-eabi/lib/armv7-m\libcr_c.a(initio.o)
                0x10000560                _extra
 COMMON         0x10000564      0x140 c:/nxp/lpcxpresso_7.7.2_379/lpcxpresso/tools/bin/../lib/gcc/arm-none-eabi/4.9.3/../../../../arm-none-eabi/lib/armv7-m\libcr_c.a(stdio.o)
                0x10000564                __Ciob
 COMMON         0x100006a4        0x8 c:/nxp/lpcxpresso_7.7.2_379/lpcxpresso/tools/bin/../lib/gcc/arm-none-eabi/4.9.3/../../../../arm-none-eabi/lib/armv7-m\libcr_c.a(__init_alloc.o)
                0x100006a4                __heaps
                0x100006a8                __end_of_heap
                0x100006ac                . = ALIGN (0x4)
                0x100006ac                _ebss = .
                0x100006ac                PROVIDE (end, .)

.noinit         0x100006ac        0x0 load address 0x00006c04
                0x100006ac                _noinit = .
 *(.noinit*)
                0x100006ac                . = ALIGN (0x4)
                0x100006ac                _end_noinit = .
                0x100006ac                PROVIDE (_pvHeapStart, DEFINED (__user_heap_base)?__user_heap_base:.)
                0x10002000                PROVIDE (_vStackTop, DEFINED (__user_stack_top)?__user_stack_top:(__top_RamLoc8 - 0x0))
OUTPUT(RT-USB-9AXIS-sample.axf elf32-littlearm)

.debug_info     0x00000000     0xc553
 .debug_info    0x00000000      0x633 ./src/USB/cdcuser.o
 .debug_info    0x00000633     0x11f8 ./src/USB/usbcore.o
 .debug_info    0x0000182b       0xec ./src/USB/usbdesc.o
 .debug_info    0x00001917     0x156e ./src/USB/usbhw.o
 .debug_info    0x00002e85      0x204 ./src/USB/usbuser.o
 .debug_info    0x00003089      0x1dc ./src/PERIPHERAL/SystemTickTimer.o
 .debug_info    0x00003265      0x2f5 ./src/PERIPHERAL/debug.o
 .debug_info    0x0000355a      0xd03 ./src/PERIPHERAL/i2c.o
 .debug_info    0x0000425d      0x4dd ./src/PERIPHERAL/io.o
 .debug_info    0x0000473a      0xd2f ./src/PERIPHERAL/ssp.o
 .debug_info    0x00005469      0xa83 ./src/PERIPHERAL/timer.o
 .debug_info    0x00005eec      0xd56 ./src/PERIPHERAL/uart.o
 .debug_info    0x00006c42      0x357 ./src/PERIPHERAL/usbTransmission.o
 .debug_info    0x00006f99      0x28c ./src/OTHER/cr_startup_lpc13xx.o
 .debug_info    0x00007225       0x3f ./src/OTHER/crp.o
 .debug_info    0x00007264      0xecf ./src/OTHER/serial.o
 .debug_info    0x00008133      0x510 ./src/MODE/modeSelect.o
 .debug_info    0x00008643      0x144 ./src/MODE/mode_calibAccXY.o
 .debug_info    0x00008787      0x144 ./src/MODE/mode_calibAccZ.o
 .debug_info    0x000088cb      0x12d ./src/MODE/mode_calibMag.o
 .debug_info    0x000089f8      0x116 ./src/MODE/mode_calibOmega.o
 .debug_info    0x00008b0e      0x1f4 ./src/MODE/mode_clearOffset.o
 .debug_info    0x00008d02      0x3aa ./src/MODE/mode_outputSelect.o
 .debug_info    0x000090ac      0x19f ./src/MODE/mode_viewAllData.o
 .debug_info    0x0000924b      0x138 ./src/MODE/mode_viewEEPROMData.o
 .debug_info    0x00009383      0x3eb ./src/MAIN/EEPROM_24LC16BT_I.o
 .debug_info    0x0000976e      0x7dd ./src/MAIN/MainFunction.o
 .debug_info    0x00009f4b      0x620 ./src/MAIN/UserInterface.o
 .debug_info    0x0000a56b      0x3de ./src/MAIN/main.o
 .debug_info    0x0000a949     0x1553 ./src/MAIN/mpu9250.o
 .debug_info    0x0000be9c      0x1d9 ./src/MAIN/tinyMathFunctions.o
 .debug_info    0x0000c075      0x4de C:\Users\ryota\Desktop\LPCXpresso Sample Program\workspace\CMSISv1p30_LPC13xx\Debug\libCMSISv1p30_LPC13xx.a(system_LPC13xx.o)

.debug_abbrev   0x00000000     0x2fbc
 .debug_abbrev  0x00000000      0x1e1 ./src/USB/cdcuser.o
 .debug_abbrev  0x000001e1      0x33d ./src/USB/usbcore.o
 .debug_abbrev  0x0000051e       0x60 ./src/USB/usbdesc.o
 .debug_abbrev  0x0000057e      0x382 ./src/USB/usbhw.o
 .debug_abbrev  0x00000900      0x12b ./src/USB/usbuser.o
 .debug_abbrev  0x00000a2b      0x11a ./src/PERIPHERAL/SystemTickTimer.o
 .debug_abbrev  0x00000b45      0x1a6 ./src/PERIPHERAL/debug.o
 .debug_abbrev  0x00000ceb      0x224 ./src/PERIPHERAL/i2c.o
 .debug_abbrev  0x00000f0f      0x139 ./src/PERIPHERAL/io.o
 .debug_abbrev  0x00001048      0x23a ./src/PERIPHERAL/ssp.o
 .debug_abbrev  0x00001282      0x1b6 ./src/PERIPHERAL/timer.o
 .debug_abbrev  0x00001438      0x20c ./src/PERIPHERAL/uart.o
 .debug_abbrev  0x00001644      0x233 ./src/PERIPHERAL/usbTransmission.o
 .debug_abbrev  0x00001877      0x111 ./src/OTHER/cr_startup_lpc13xx.o
 .debug_abbrev  0x00001988       0x36 ./src/OTHER/crp.o
 .debug_abbrev  0x000019be      0x237 ./src/OTHER/serial.o
 .debug_abbrev  0x00001bf5      0x12a ./src/MODE/modeSelect.o
 .debug_abbrev  0x00001d1f       0xdc ./src/MODE/mode_calibAccXY.o
 .debug_abbrev  0x00001dfb       0xdc ./src/MODE/mode_calibAccZ.o
 .debug_abbrev  0x00001ed7       0xdc ./src/MODE/mode_calibMag.o
 .debug_abbrev  0x00001fb3       0xdc ./src/MODE/mode_calibOmega.o
 .debug_abbrev  0x0000208f      0x11d ./src/MODE/mode_clearOffset.o
 .debug_abbrev  0x000021ac      0x112 ./src/MODE/mode_outputSelect.o
 .debug_abbrev  0x000022be       0xe0 ./src/MODE/mode_viewAllData.o
 .debug_abbrev  0x0000239e       0xcd ./src/MODE/mode_viewEEPROMData.o
 .debug_abbrev  0x0000246b      0x16d ./src/MAIN/EEPROM_24LC16BT_I.o
 .debug_abbrev  0x000025d8      0x23d ./src/MAIN/MainFunction.o
 .debug_abbrev  0x00002815      0x241 ./src/MAIN/UserInterface.o
 .debug_abbrev  0x00002a56      0x120 ./src/MAIN/main.o
 .debug_abbrev  0x00002b76      0x24a ./src/MAIN/mpu9250.o
 .debug_abbrev  0x00002dc0       0xcc ./src/MAIN/tinyMathFunctions.o
 .debug_abbrev  0x00002e8c      0x130 C:\Users\ryota\Desktop\LPCXpresso Sample Program\workspace\CMSISv1p30_LPC13xx\Debug\libCMSISv1p30_LPC13xx.a(system_LPC13xx.o)

.debug_loc      0x00000000     0x2748
 .debug_loc     0x00000000      0x215 ./src/USB/cdcuser.o
 .debug_loc     0x00000215      0xa4c ./src/USB/usbcore.o
 .debug_loc     0x00000c61      0x462 ./src/USB/usbhw.o
 .debug_loc     0x000010c3       0x79 ./src/USB/usbuser.o
 .debug_loc     0x0000113c       0x58 ./src/PERIPHERAL/SystemTickTimer.o
 .debug_loc     0x00001194       0x29 ./src/PERIPHERAL/debug.o
 .debug_loc     0x000011bd       0xe7 ./src/PERIPHERAL/i2c.o
 .debug_loc     0x000012a4       0xc4 ./src/PERIPHERAL/ssp.o
 .debug_loc     0x00001368      0x11c ./src/PERIPHERAL/uart.o
 .debug_loc     0x00001484       0x13 ./src/PERIPHERAL/usbTransmission.o
 .debug_loc     0x00001497      0x1d1 ./src/OTHER/cr_startup_lpc13xx.o
 .debug_loc     0x00001668      0x2d1 ./src/OTHER/serial.o
 .debug_loc     0x00001939       0x75 ./src/MODE/modeSelect.o
 .debug_loc     0x000019ae       0x75 ./src/MODE/mode_outputSelect.o
 .debug_loc     0x00001a23      0x30a ./src/MAIN/EEPROM_24LC16BT_I.o
 .debug_loc     0x00001d2d       0x92 ./src/MAIN/MainFunction.o
 .debug_loc     0x00001dbf       0x6a ./src/MAIN/UserInterface.o
 .debug_loc     0x00001e29      0x679 ./src/MAIN/mpu9250.o
 .debug_loc     0x000024a2      0x2a6 ./src/MAIN/tinyMathFunctions.o

.debug_aranges  0x00000000      0x9a8
 .debug_aranges
                0x00000000       0xa0 ./src/USB/cdcuser.o
 .debug_aranges
                0x000000a0       0x98 ./src/USB/usbcore.o
 .debug_aranges
                0x00000138       0x18 ./src/USB/usbdesc.o
 .debug_aranges
                0x00000150      0x100 ./src/USB/usbhw.o
 .debug_aranges
                0x00000250       0x50 ./src/USB/usbuser.o
 .debug_aranges
                0x000002a0       0x48 ./src/PERIPHERAL/SystemTickTimer.o
 .debug_aranges
                0x000002e8       0x28 ./src/PERIPHERAL/debug.o
 .debug_aranges
                0x00000310       0x40 ./src/PERIPHERAL/i2c.o
 .debug_aranges
                0x00000350       0x20 ./src/PERIPHERAL/io.o
 .debug_aranges
                0x00000370       0x38 ./src/PERIPHERAL/ssp.o
 .debug_aranges
                0x000003a8       0x48 ./src/PERIPHERAL/timer.o
 .debug_aranges
                0x000003f0       0x30 ./src/PERIPHERAL/uart.o
 .debug_aranges
                0x00000420       0x38 ./src/PERIPHERAL/usbTransmission.o
 .debug_aranges
                0x00000458       0x80 ./src/OTHER/cr_startup_lpc13xx.o
 .debug_aranges
                0x000004d8       0x18 ./src/OTHER/crp.o
 .debug_aranges
                0x000004f0       0x50 ./src/OTHER/serial.o
 .debug_aranges
                0x00000540       0x28 ./src/MODE/modeSelect.o
 .debug_aranges
                0x00000568       0x20 ./src/MODE/mode_calibAccXY.o
 .debug_aranges
                0x00000588       0x20 ./src/MODE/mode_calibAccZ.o
 .debug_aranges
                0x000005a8       0x20 ./src/MODE/mode_calibMag.o
 .debug_aranges
                0x000005c8       0x20 ./src/MODE/mode_calibOmega.o
 .debug_aranges
                0x000005e8       0x20 ./src/MODE/mode_clearOffset.o
 .debug_aranges
                0x00000608       0x28 ./src/MODE/mode_outputSelect.o
 .debug_aranges
                0x00000630       0x20 ./src/MODE/mode_viewAllData.o
 .debug_aranges
                0x00000650       0x20 ./src/MODE/mode_viewEEPROMData.o
 .debug_aranges
                0x00000670       0x48 ./src/MAIN/EEPROM_24LC16BT_I.o
 .debug_aranges
                0x000006b8       0x50 ./src/MAIN/MainFunction.o
 .debug_aranges
                0x00000708       0x80 ./src/MAIN/UserInterface.o
 .debug_aranges
                0x00000788       0x28 ./src/MAIN/main.o
 .debug_aranges
                0x000007b0      0x198 ./src/MAIN/mpu9250.o
 .debug_aranges
                0x00000948       0x30 ./src/MAIN/tinyMathFunctions.o
 .debug_aranges
                0x00000978       0x30 C:\Users\ryota\Desktop\LPCXpresso Sample Program\workspace\CMSISv1p30_LPC13xx\Debug\libCMSISv1p30_LPC13xx.a(system_LPC13xx.o)

.debug_ranges   0x00000000      0x798
 .debug_ranges  0x00000000       0x90 ./src/USB/cdcuser.o
 .debug_ranges  0x00000090       0x88 ./src/USB/usbcore.o
 .debug_ranges  0x00000118       0xf0 ./src/USB/usbhw.o
 .debug_ranges  0x00000208       0x40 ./src/USB/usbuser.o
 .debug_ranges  0x00000248       0x38 ./src/PERIPHERAL/SystemTickTimer.o
 .debug_ranges  0x00000280       0x18 ./src/PERIPHERAL/debug.o
 .debug_ranges  0x00000298       0x30 ./src/PERIPHERAL/i2c.o
 .debug_ranges  0x000002c8       0x10 ./src/PERIPHERAL/io.o
 .debug_ranges  0x000002d8       0x28 ./src/PERIPHERAL/ssp.o
 .debug_ranges  0x00000300       0x38 ./src/PERIPHERAL/timer.o
 .debug_ranges  0x00000338       0x20 ./src/PERIPHERAL/uart.o
 .debug_ranges  0x00000358       0x28 ./src/PERIPHERAL/usbTransmission.o
 .debug_ranges  0x00000380       0x70 ./src/OTHER/cr_startup_lpc13xx.o
 .debug_ranges  0x000003f0       0x40 ./src/OTHER/serial.o
 .debug_ranges  0x00000430       0x18 ./src/MODE/modeSelect.o
 .debug_ranges  0x00000448       0x10 ./src/MODE/mode_calibAccXY.o
 .debug_ranges  0x00000458       0x10 ./src/MODE/mode_calibAccZ.o
 .debug_ranges  0x00000468       0x10 ./src/MODE/mode_calibMag.o
 .debug_ranges  0x00000478       0x10 ./src/MODE/mode_calibOmega.o
 .debug_ranges  0x00000488       0x10 ./src/MODE/mode_clearOffset.o
 .debug_ranges  0x00000498       0x18 ./src/MODE/mode_outputSelect.o
 .debug_ranges  0x000004b0       0x10 ./src/MODE/mode_viewAllData.o
 .debug_ranges  0x000004c0       0x10 ./src/MODE/mode_viewEEPROMData.o
 .debug_ranges  0x000004d0       0x38 ./src/MAIN/EEPROM_24LC16BT_I.o
 .debug_ranges  0x00000508       0x40 ./src/MAIN/MainFunction.o
 .debug_ranges  0x00000548       0x70 ./src/MAIN/UserInterface.o
 .debug_ranges  0x000005b8       0x18 ./src/MAIN/main.o
 .debug_ranges  0x000005d0      0x188 ./src/MAIN/mpu9250.o
 .debug_ranges  0x00000758       0x20 ./src/MAIN/tinyMathFunctions.o
 .debug_ranges  0x00000778       0x20 C:\Users\ryota\Desktop\LPCXpresso Sample Program\workspace\CMSISv1p30_LPC13xx\Debug\libCMSISv1p30_LPC13xx.a(system_LPC13xx.o)

.debug_macro    0x00000000     0x47cb
 .debug_macro   0x00000000       0xb6 ./src/USB/cdcuser.o
 .debug_macro   0x000000b6      0x880 ./src/USB/cdcuser.o
 .debug_macro   0x00000936       0x10 ./src/USB/cdcuser.o
 .debug_macro   0x00000946      0x12d ./src/USB/cdcuser.o
 .debug_macro   0x00000a73      0x5b2 ./src/USB/cdcuser.o
 .debug_macro   0x00001025       0x16 ./src/USB/cdcuser.o
 .debug_macro   0x0000103b      0x1cb ./src/USB/cdcuser.o
 .debug_macro   0x00001206       0x3a ./src/USB/cdcuser.o
 .debug_macro   0x00001240       0xcc ./src/USB/cdcuser.o
 .debug_macro   0x0000130c      0x26b ./src/USB/cdcuser.o
 .debug_macro   0x00001577       0x1c ./src/USB/cdcuser.o
 .debug_macro   0x00001593       0x94 ./src/USB/usbcore.o
 .debug_macro   0x00001627       0x28 ./src/USB/usbcore.o
 .debug_macro   0x0000164f       0x34 ./src/USB/usbcore.o
 .debug_macro   0x00001683       0x78 ./src/USB/usbdesc.o
 .debug_macro   0x000016fb       0x2e ./src/USB/usbdesc.o
 .debug_macro   0x00001729       0x99 ./src/USB/usbhw.o
 .debug_macro   0x000017c2       0x1c ./src/USB/usbhw.o
 .debug_macro   0x000017de       0x22 ./src/USB/usbhw.o
 .debug_macro   0x00001800      0x7b7 ./src/USB/usbhw.o
 .debug_macro   0x00001fb7      0x131 ./src/USB/usbhw.o
 .debug_macro   0x000020e8      0x205 ./src/USB/usbhw.o
 .debug_macro   0x000022ed       0x89 ./src/USB/usbuser.o
 .debug_macro   0x00002376       0x7a ./src/PERIPHERAL/SystemTickTimer.o
 .debug_macro   0x000023f0      0x7d5 ./src/PERIPHERAL/SystemTickTimer.o
 .debug_macro   0x00002bc5       0x9d ./src/PERIPHERAL/debug.o
 .debug_macro   0x00002c62       0x16 ./src/PERIPHERAL/debug.o
 .debug_macro   0x00002c78       0x10 ./src/PERIPHERAL/debug.o
 .debug_macro   0x00002c88       0xa0 ./src/PERIPHERAL/debug.o
 .debug_macro   0x00002d28       0x16 ./src/PERIPHERAL/debug.o
 .debug_macro   0x00002d3e       0xa6 ./src/PERIPHERAL/debug.o
 .debug_macro   0x00002de4       0x74 ./src/PERIPHERAL/i2c.o
 .debug_macro   0x00002e58       0x1c ./src/PERIPHERAL/i2c.o
 .debug_macro   0x00002e74       0xd0 ./src/PERIPHERAL/i2c.o
 .debug_macro   0x00002f44       0x79 ./src/PERIPHERAL/io.o
 .debug_macro   0x00002fbd       0x6b ./src/PERIPHERAL/ssp.o
 .debug_macro   0x00003028      0x11e ./src/PERIPHERAL/ssp.o
 .debug_macro   0x00003146       0x6c ./src/PERIPHERAL/timer.o
 .debug_macro   0x000031b2       0x71 ./src/PERIPHERAL/uart.o
 .debug_macro   0x00003223       0xc1 ./src/PERIPHERAL/usbTransmission.o
 .debug_macro   0x000032e4       0x1d ./src/OTHER/cr_startup_lpc13xx.o
 .debug_macro   0x00003301       0x1a ./src/OTHER/crp.o
 .debug_macro   0x0000331b       0x34 ./src/OTHER/crp.o
 .debug_macro   0x0000334f       0x9f ./src/OTHER/serial.o
 .debug_macro   0x000033ee       0xf1 ./src/MODE/modeSelect.o
 .debug_macro   0x000034df       0x86 ./src/MODE/mode_calibAccXY.o
 .debug_macro   0x00003565       0x16 ./src/MODE/mode_calibAccXY.o
 .debug_macro   0x0000357b       0x86 ./src/MODE/mode_calibAccZ.o
 .debug_macro   0x00003601       0x86 ./src/MODE/mode_calibMag.o
 .debug_macro   0x00003687       0x86 ./src/MODE/mode_calibOmega.o
 .debug_macro   0x0000370d       0x86 ./src/MODE/mode_clearOffset.o
 .debug_macro   0x00003793       0x86 ./src/MODE/mode_outputSelect.o
 .debug_macro   0x00003819       0x86 ./src/MODE/mode_viewAllData.o
 .debug_macro   0x0000389f       0x86 ./src/MODE/mode_viewEEPROMData.o
 .debug_macro   0x00003925       0x96 ./src/MAIN/EEPROM_24LC16BT_I.o
 .debug_macro   0x000039bb       0xda ./src/MAIN/MainFunction.o
 .debug_macro   0x00003a95       0x52 ./src/MAIN/MainFunction.o
 .debug_macro   0x00003ae7       0xa1 ./src/MAIN/UserInterface.o
 .debug_macro   0x00003b88      0x12f ./src/MAIN/main.o
 .debug_macro   0x00003cb7       0xcb ./src/MAIN/mpu9250.o
 .debug_macro   0x00003d82       0x52 ./src/MAIN/mpu9250.o
 .debug_macro   0x00003dd4       0x5a ./src/MAIN/tinyMathFunctions.o
 .debug_macro   0x00003e2e      0x12f C:\Users\ryota\Desktop\LPCXpresso Sample Program\workspace\CMSISv1p30_LPC13xx\Debug\libCMSISv1p30_LPC13xx.a(system_LPC13xx.o)
 .debug_macro   0x00003f5d      0x86e C:\Users\ryota\Desktop\LPCXpresso Sample Program\workspace\CMSISv1p30_LPC13xx\Debug\libCMSISv1p30_LPC13xx.a(system_LPC13xx.o)

.debug_line     0x00000000     0x675b
 .debug_line    0x00000000      0x38b ./src/USB/cdcuser.o
 .debug_line    0x0000038b      0x68b ./src/USB/usbcore.o
 .debug_line    0x00000a16      0x1e4 ./src/USB/usbdesc.o
 .debug_line    0x00000bfa      0x4cc ./src/USB/usbhw.o
 .debug_line    0x000010c6      0x26d ./src/USB/usbuser.o
 .debug_line    0x00001333      0x2e4 ./src/PERIPHERAL/SystemTickTimer.o
 .debug_line    0x00001617      0x2a8 ./src/PERIPHERAL/debug.o
 .debug_line    0x000018bf      0x2fa ./src/PERIPHERAL/i2c.o
 .debug_line    0x00001bb9      0x254 ./src/PERIPHERAL/io.o
 .debug_line    0x00001e0d      0x296 ./src/PERIPHERAL/ssp.o
 .debug_line    0x000020a3      0x26a ./src/PERIPHERAL/timer.o
 .debug_line    0x0000230d      0x263 ./src/PERIPHERAL/uart.o
 .debug_line    0x00002570      0x371 ./src/PERIPHERAL/usbTransmission.o
 .debug_line    0x000028e1       0xdc ./src/OTHER/cr_startup_lpc13xx.o
 .debug_line    0x000029bd       0x7e ./src/OTHER/crp.o
 .debug_line    0x00002a3b      0x2bd ./src/OTHER/serial.o
 .debug_line    0x00002cf8      0x455 ./src/MODE/modeSelect.o
 .debug_line    0x0000314d      0x2e9 ./src/MODE/mode_calibAccXY.o
 .debug_line    0x00003436      0x2e7 ./src/MODE/mode_calibAccZ.o
 .debug_line    0x0000371d      0x2e4 ./src/MODE/mode_calibMag.o
 .debug_line    0x00003a01      0x2e7 ./src/MODE/mode_calibOmega.o
 .debug_line    0x00003ce8      0x2f8 ./src/MODE/mode_clearOffset.o
 .debug_line    0x00003fe0      0x329 ./src/MODE/mode_outputSelect.o
 .debug_line    0x00004309      0x2ee ./src/MODE/mode_viewAllData.o
 .debug_line    0x000045f7      0x2fa ./src/MODE/mode_viewEEPROMData.o
 .debug_line    0x000048f1      0x3be ./src/MAIN/EEPROM_24LC16BT_I.o
 .debug_line    0x00004caf      0x3f8 ./src/MAIN/MainFunction.o
 .debug_line    0x000050a7      0x3ea ./src/MAIN/UserInterface.o
 .debug_line    0x00005491      0x493 ./src/MAIN/main.o
 .debug_line    0x00005924      0x9b0 ./src/MAIN/mpu9250.o
 .debug_line    0x000062d4      0x247 ./src/MAIN/tinyMathFunctions.o
 .debug_line    0x0000651b      0x240 C:\Users\ryota\Desktop\LPCXpresso Sample Program\workspace\CMSISv1p30_LPC13xx\Debug\libCMSISv1p30_LPC13xx.a(system_LPC13xx.o)

.debug_str      0x00000000     0xcd52
 .debug_str     0x00000000     0x5745 ./src/USB/cdcuser.o
                               0x57f9 (size before relaxing)
 .debug_str     0x00005745      0x69e ./src/USB/usbcore.o
                               0x5b3c (size before relaxing)
 .debug_str     0x00005de3       0x81 ./src/USB/usbdesc.o
                               0x53f1 (size before relaxing)
 .debug_str     0x00005e64     0x4695 ./src/USB/usbhw.o
                               0x8feb (size before relaxing)
 .debug_str     0x0000a4f9       0x8b ./src/USB/usbuser.o
                               0x49b2 (size before relaxing)
 .debug_str     0x0000a584       0xe3 ./src/PERIPHERAL/SystemTickTimer.o
                               0x72d4 (size before relaxing)
 .debug_str     0x0000a667      0x4d6 ./src/PERIPHERAL/debug.o
                               0x76dd (size before relaxing)
 .debug_str     0x0000ab3d      0x3bd ./src/PERIPHERAL/i2c.o
                               0x7e35 (size before relaxing)
 .debug_str     0x0000aefa       0x24 ./src/PERIPHERAL/io.o
                               0x7418 (size before relaxing)
 .debug_str     0x0000af1e      0x3dd ./src/PERIPHERAL/ssp.o
                               0x7e3e (size before relaxing)
 .debug_str     0x0000b2fb       0xf2 ./src/PERIPHERAL/timer.o
                               0x794e (size before relaxing)
 .debug_str     0x0000b3ed       0xf4 ./src/PERIPHERAL/uart.o
                               0x7ce0 (size before relaxing)
 .debug_str     0x0000b4e1       0x57 ./src/PERIPHERAL/usbTransmission.o
                               0x8a17 (size before relaxing)
 .debug_str     0x0000b538      0x23f ./src/OTHER/cr_startup_lpc13xx.o
                               0x26a7 (size before relaxing)
 .debug_str     0x0000b777       0xef ./src/OTHER/crp.o
                               0x25b0 (size before relaxing)
 .debug_str     0x0000b866      0x22f ./src/OTHER/serial.o
                               0x7dc9 (size before relaxing)
 .debug_str     0x0000ba95      0x1b1 ./src/MODE/modeSelect.o
                               0x73e5 (size before relaxing)
 .debug_str     0x0000bc46       0xac ./src/MODE/mode_calibAccXY.o
                               0x3d4b (size before relaxing)
 .debug_str     0x0000bcf2       0x2d ./src/MODE/mode_calibAccZ.o
                               0x3d47 (size before relaxing)
 .debug_str     0x0000bd1f       0x2b ./src/MODE/mode_calibMag.o
                               0x3d43 (size before relaxing)
 .debug_str     0x0000bd4a       0x2f ./src/MODE/mode_calibOmega.o
                               0x3d4b (size before relaxing)
 .debug_str     0x0000bd79       0x90 ./src/MODE/mode_clearOffset.o
                               0x3db4 (size before relaxing)
 .debug_str     0x0000be09       0x43 ./src/MODE/mode_outputSelect.o
                               0x3da2 (size before relaxing)
 .debug_str     0x0000be4c       0x4c ./src/MODE/mode_viewAllData.o
                               0x3d84 (size before relaxing)
 .debug_str     0x0000be98       0x2f ./src/MODE/mode_viewEEPROMData.o
                               0x3d6f (size before relaxing)
 .debug_str     0x0000bec7       0xa7 ./src/MAIN/EEPROM_24LC16BT_I.o
                               0x75c2 (size before relaxing)
 .debug_str     0x0000bf6e      0x322 ./src/MAIN/MainFunction.o
                               0x78c1 (size before relaxing)
 .debug_str     0x0000c290      0x167 ./src/MAIN/UserInterface.o
                               0x7423 (size before relaxing)
 .debug_str     0x0000c3f7       0x3d ./src/MAIN/main.o
                               0x8eef (size before relaxing)
 .debug_str     0x0000c434      0x422 ./src/MAIN/mpu9250.o
                               0x48f3 (size before relaxing)
 .debug_str     0x0000c856       0x7a ./src/MAIN/tinyMathFunctions.o
                               0x3ec5 (size before relaxing)
 .debug_str     0x0000c8d0      0x482 C:\Users\ryota\Desktop\LPCXpresso Sample Program\workspace\CMSISv1p30_LPC13xx\Debug\libCMSISv1p30_LPC13xx.a(system_LPC13xx.o)
                               0x77d5 (size before relaxing)

.comment        0x00000000       0x70
 .comment       0x00000000       0x70 ./src/USB/cdcuser.o
                                 0x71 (size before relaxing)
 .comment       0x00000000       0x71 ./src/USB/usbcore.o
 .comment       0x00000000       0x71 ./src/USB/usbdesc.o
 .comment       0x00000000       0x71 ./src/USB/usbhw.o
 .comment       0x00000000       0x71 ./src/USB/usbuser.o
 .comment       0x00000000       0x71 ./src/PERIPHERAL/SystemTickTimer.o
 .comment       0x00000000       0x71 ./src/PERIPHERAL/debug.o
 .comment       0x00000000       0x71 ./src/PERIPHERAL/i2c.o
 .comment       0x00000000       0x71 ./src/PERIPHERAL/io.o
 .comment       0x00000000       0x71 ./src/PERIPHERAL/ssp.o
 .comment       0x00000000       0x71 ./src/PERIPHERAL/timer.o
 .comment       0x00000000       0x71 ./src/PERIPHERAL/uart.o
 .comment       0x00000000       0x71 ./src/PERIPHERAL/usbTransmission.o
 .comment       0x00000000       0x71 ./src/OTHER/cr_startup_lpc13xx.o
 .comment       0x00000000       0x71 ./src/OTHER/crp.o
 .comment       0x00000000       0x71 ./src/OTHER/serial.o
 .comment       0x00000000       0x71 ./src/MODE/modeSelect.o
 .comment       0x00000000       0x71 ./src/MODE/mode_calibAccXY.o
 .comment       0x00000000       0x71 ./src/MODE/mode_calibAccZ.o
 .comment       0x00000000       0x71 ./src/MODE/mode_calibMag.o
 .comment       0x00000000       0x71 ./src/MODE/mode_calibOmega.o
 .comment       0x00000000       0x71 ./src/MODE/mode_clearOffset.o
 .comment       0x00000000       0x71 ./src/MODE/mode_outputSelect.o
 .comment       0x00000000       0x71 ./src/MODE/mode_viewAllData.o
 .comment       0x00000000       0x71 ./src/MODE/mode_viewEEPROMData.o
 .comment       0x00000000       0x71 ./src/MAIN/EEPROM_24LC16BT_I.o
 .comment       0x00000000       0x71 ./src/MAIN/MainFunction.o
 .comment       0x00000000       0x71 ./src/MAIN/UserInterface.o
 .comment       0x00000000       0x71 ./src/MAIN/main.o
 .comment       0x00000000       0x71 ./src/MAIN/mpu9250.o
 .comment       0x00000000       0x71 ./src/MAIN/tinyMathFunctions.o
 .comment       0x00000000       0x71 C:\Users\ryota\Desktop\LPCXpresso Sample Program\workspace\CMSISv1p30_LPC13xx\Debug\libCMSISv1p30_LPC13xx.a(system_LPC13xx.o)
 .comment       0x00000000       0x71 c:/nxp/lpcxpresso_7.7.2_379/lpcxpresso/tools/bin/../lib/gcc/arm-none-eabi/4.9.3/../../../../arm-none-eabi/lib/armv7-m\libcr_semihost.a(_cr__main.o)
 .comment       0x00000000       0x71 c:/nxp/lpcxpresso_7.7.2_379/lpcxpresso/tools/bin/../lib/gcc/arm-none-eabi/4.9.3/../../../../arm-none-eabi/lib/armv7-m\libcr_c.a(memcpy.o)
 .comment       0x00000000       0x71 c:/nxp/lpcxpresso_7.7.2_379/lpcxpresso/tools/bin/../lib/gcc/arm-none-eabi/4.9.3/../../../../arm-none-eabi/lib/armv7-m\libcr_c.a(fpprintf.o)
 .comment       0x00000000       0x71 c:/nxp/lpcxpresso_7.7.2_379/lpcxpresso/tools/bin/../lib/gcc/arm-none-eabi/4.9.3/../../../../arm-none-eabi/lib/armv7-m\libcr_c.a(initio.o)
 .comment       0x00000000       0x71 c:/nxp/lpcxpresso_7.7.2_379/lpcxpresso/tools/bin/../lib/gcc/arm-none-eabi/4.9.3/../../../../arm-none-eabi/lib/armv7-m\libcr_c.a(printf.o)
 .comment       0x00000000       0x71 c:/nxp/lpcxpresso_7.7.2_379/lpcxpresso/tools/bin/../lib/gcc/arm-none-eabi/4.9.3/../../../../arm-none-eabi/lib/armv7-m\libcr_c.a(setvbuf.o)
 .comment       0x00000000       0x71 c:/nxp/lpcxpresso_7.7.2_379/lpcxpresso/tools/bin/../lib/gcc/arm-none-eabi/4.9.3/../../../../arm-none-eabi/lib/armv7-m\libcr_c.a(stdio.o)
 .comment       0x00000000       0x71 c:/nxp/lpcxpresso_7.7.2_379/lpcxpresso/tools/bin/../lib/gcc/arm-none-eabi/4.9.3/../../../../arm-none-eabi/lib/armv7-m\libcr_c.a(strlen.o)
 .comment       0x00000000       0x71 c:/nxp/lpcxpresso_7.7.2_379/lpcxpresso/tools/bin/../lib/gcc/arm-none-eabi/4.9.3/../../../../arm-none-eabi/lib/armv7-m\libcr_c.a(memset.o)
 .comment       0x00000000       0x71 c:/nxp/lpcxpresso_7.7.2_379/lpcxpresso/tools/bin/../lib/gcc/arm-none-eabi/4.9.3/../../../../arm-none-eabi/lib/armv7-m\libcr_c.a(_deferredlazyseek.o)
 .comment       0x00000000       0x71 c:/nxp/lpcxpresso_7.7.2_379/lpcxpresso/tools/bin/../lib/gcc/arm-none-eabi/4.9.3/../../../../arm-none-eabi/lib/armv7-m\libcr_c.a(_fdopen.o)
 .comment       0x00000000       0x71 c:/nxp/lpcxpresso_7.7.2_379/lpcxpresso/tools/bin/../lib/gcc/arm-none-eabi/4.9.3/../../../../arm-none-eabi/lib/armv7-m\libcr_c.a(_fflush.o)
 .comment       0x00000000       0x71 c:/nxp/lpcxpresso_7.7.2_379/lpcxpresso/tools/bin/../lib/gcc/arm-none-eabi/4.9.3/../../../../arm-none-eabi/lib/armv7-m\libcr_c.a(_frexpl.o)
 .comment       0x00000000       0x71 c:/nxp/lpcxpresso_7.7.2_379/lpcxpresso/tools/bin/../lib/gcc/arm-none-eabi/4.9.3/../../../../arm-none-eabi/lib/armv7-m\libcr_c.a(_ldexpl.o)
 .comment       0x00000000       0x71 c:/nxp/lpcxpresso_7.7.2_379/lpcxpresso/tools/bin/../lib/gcc/arm-none-eabi/4.9.3/../../../../arm-none-eabi/lib/armv7-m\libcr_c.a(_writebuf.o)
 .comment       0x00000000       0x71 c:/nxp/lpcxpresso_7.7.2_379/lpcxpresso/tools/bin/../lib/gcc/arm-none-eabi/4.9.3/../../../../arm-none-eabi/lib/armv7-m\libcr_c.a(alloc.o)
 .comment       0x00000000       0x71 c:/nxp/lpcxpresso_7.7.2_379/lpcxpresso/tools/bin/../lib/gcc/arm-none-eabi/4.9.3/../../../../arm-none-eabi/lib/armv7-m\libcr_c.a(errno.o)
 .comment       0x00000000       0x71 c:/nxp/lpcxpresso_7.7.2_379/lpcxpresso/tools/bin/../lib/gcc/arm-none-eabi/4.9.3/../../../../arm-none-eabi/lib/armv7-m\libcr_c.a(fclose.o)
 .comment       0x00000000       0x71 c:/nxp/lpcxpresso_7.7.2_379/lpcxpresso/tools/bin/../lib/gcc/arm-none-eabi/4.9.3/../../../../arm-none-eabi/lib/armv7-m\libcr_c.a(fflush.o)
 .comment       0x00000000       0x71 c:/nxp/lpcxpresso_7.7.2_379/lpcxpresso/tools/bin/../lib/gcc/arm-none-eabi/4.9.3/../../../../arm-none-eabi/lib/armv7-m\libcr_c.a(fseek.o)
 .comment       0x00000000       0x71 c:/nxp/lpcxpresso_7.7.2_379/lpcxpresso/tools/bin/../lib/gcc/arm-none-eabi/4.9.3/../../../../arm-none-eabi/lib/armv7-m\libcr_c.a(ftell.o)
 .comment       0x00000000       0x71 c:/nxp/lpcxpresso_7.7.2_379/lpcxpresso/tools/bin/../lib/gcc/arm-none-eabi/4.9.3/../../../../arm-none-eabi/lib/armv7-m\libcr_c.a(remove.o)
 .comment       0x00000000       0x71 c:/nxp/lpcxpresso_7.7.2_379/lpcxpresso/tools/bin/../lib/gcc/arm-none-eabi/4.9.3/../../../../arm-none-eabi/lib/armv7-m\libcr_c.a(__init_alloc.o)
 .comment       0x00000000       0x71 c:/nxp/lpcxpresso_7.7.2_379/lpcxpresso/tools/bin/../lib/gcc/arm-none-eabi/4.9.3/../../../../arm-none-eabi/lib/armv7-m\libcr_c.a(_cr_sbrk.o)
 .comment       0x00000000       0x71 c:/nxp/lpcxpresso_7.7.2_379/lpcxpresso/tools/bin/../lib/gcc/arm-none-eabi/4.9.3/../../../../arm-none-eabi/lib/armv7-m\libcr_c.a(_do_fflush.o)
 .comment       0x00000000       0x71 c:/nxp/lpcxpresso_7.7.2_379/lpcxpresso/tools/bin/../lib/gcc/arm-none-eabi/4.9.3/../../../../arm-none-eabi/lib/armv7-m\libcr_c.a(_hugeval.o)
 .comment       0x00000000       0x71 c:/nxp/lpcxpresso_7.7.2_379/lpcxpresso/tools/bin/../lib/gcc/arm-none-eabi/4.9.3/../../../../arm-none-eabi/lib/armv7-m\libcr_c.a(_cr_check_heap.o)
 .comment       0x00000000       0x71 c:/nxp/lpcxpresso_7.7.2_379/lpcxpresso/tools/bin/../lib/gcc/arm-none-eabi/4.9.3/armv7-m\libcr_eabihelpers.a(double.o)
 .comment       0x00000000       0x71 c:/nxp/lpcxpresso_7.7.2_379/lpcxpresso/tools/bin/../lib/gcc/arm-none-eabi/4.9.3/armv7-m\libcr_eabihelpers.a(float.o)

.ARM.attributes
                0x00000000       0x31
 .ARM.attributes
                0x00000000       0x33 ./src/USB/cdcuser.o
 .ARM.attributes
                0x00000033       0x33 ./src/USB/usbcore.o
 .ARM.attributes
                0x00000066       0x33 ./src/USB/usbdesc.o
 .ARM.attributes
                0x00000099       0x33 ./src/USB/usbhw.o
 .ARM.attributes
                0x000000cc       0x33 ./src/USB/usbuser.o
 .ARM.attributes
                0x000000ff       0x33 ./src/PERIPHERAL/SystemTickTimer.o
 .ARM.attributes
                0x00000132       0x33 ./src/PERIPHERAL/debug.o
 .ARM.attributes
                0x00000165       0x33 ./src/PERIPHERAL/i2c.o
 .ARM.attributes
                0x00000198       0x33 ./src/PERIPHERAL/io.o
 .ARM.attributes
                0x000001cb       0x33 ./src/PERIPHERAL/ssp.o
 .ARM.attributes
                0x000001fe       0x33 ./src/PERIPHERAL/timer.o
 .ARM.attributes
                0x00000231       0x33 ./src/PERIPHERAL/uart.o
 .ARM.attributes
                0x00000264       0x33 ./src/PERIPHERAL/usbTransmission.o
 .ARM.attributes
                0x00000297       0x33 ./src/OTHER/cr_startup_lpc13xx.o
 .ARM.attributes
                0x000002ca       0x33 ./src/OTHER/crp.o
 .ARM.attributes
                0x000002fd       0x33 ./src/OTHER/serial.o
 .ARM.attributes
                0x00000330       0x33 ./src/MODE/modeSelect.o
 .ARM.attributes
                0x00000363       0x33 ./src/MODE/mode_calibAccXY.o
 .ARM.attributes
                0x00000396       0x33 ./src/MODE/mode_calibAccZ.o
 .ARM.attributes
                0x000003c9       0x33 ./src/MODE/mode_calibMag.o
 .ARM.attributes
                0x000003fc       0x33 ./src/MODE/mode_calibOmega.o
 .ARM.attributes
                0x0000042f       0x33 ./src/MODE/mode_clearOffset.o
 .ARM.attributes
                0x00000462       0x33 ./src/MODE/mode_outputSelect.o
 .ARM.attributes
                0x00000495       0x33 ./src/MODE/mode_viewAllData.o
 .ARM.attributes
                0x000004c8       0x33 ./src/MODE/mode_viewEEPROMData.o
 .ARM.attributes
                0x000004fb       0x33 ./src/MAIN/EEPROM_24LC16BT_I.o
 .ARM.attributes
                0x0000052e       0x33 ./src/MAIN/MainFunction.o
 .ARM.attributes
                0x00000561       0x33 ./src/MAIN/UserInterface.o
 .ARM.attributes
                0x00000594       0x33 ./src/MAIN/main.o
 .ARM.attributes
                0x000005c7       0x33 ./src/MAIN/mpu9250.o
 .ARM.attributes
                0x000005fa       0x33 ./src/MAIN/tinyMathFunctions.o
 .ARM.attributes
                0x0000062d       0x33 C:\Users\ryota\Desktop\LPCXpresso Sample Program\workspace\CMSISv1p30_LPC13xx\Debug\libCMSISv1p30_LPC13xx.a(system_LPC13xx.o)
 .ARM.attributes
                0x00000660       0x33 c:/nxp/lpcxpresso_7.7.2_379/lpcxpresso/tools/bin/../lib/gcc/arm-none-eabi/4.9.3/../../../../arm-none-eabi/lib/armv7-m\libcr_semihost.a(_cr__main.o)
 .ARM.attributes
                0x00000693       0x33 c:/nxp/lpcxpresso_7.7.2_379/lpcxpresso/tools/bin/../lib/gcc/arm-none-eabi/4.9.3/../../../../arm-none-eabi/lib/armv7-m\libcr_c.a(memcpy.o)
 .ARM.attributes
                0x000006c6       0x33 c:/nxp/lpcxpresso_7.7.2_379/lpcxpresso/tools/bin/../lib/gcc/arm-none-eabi/4.9.3/../../../../arm-none-eabi/lib/armv7-m\libcr_c.a(fpprintf.o)
 .ARM.attributes
                0x000006f9       0x33 c:/nxp/lpcxpresso_7.7.2_379/lpcxpresso/tools/bin/../lib/gcc/arm-none-eabi/4.9.3/../../../../arm-none-eabi/lib/armv7-m\libcr_c.a(initio.o)
 .ARM.attributes
                0x0000072c       0x33 c:/nxp/lpcxpresso_7.7.2_379/lpcxpresso/tools/bin/../lib/gcc/arm-none-eabi/4.9.3/../../../../arm-none-eabi/lib/armv7-m\libcr_c.a(printf.o)
 .ARM.attributes
                0x0000075f       0x33 c:/nxp/lpcxpresso_7.7.2_379/lpcxpresso/tools/bin/../lib/gcc/arm-none-eabi/4.9.3/../../../../arm-none-eabi/lib/armv7-m\libcr_c.a(setvbuf.o)
 .ARM.attributes
                0x00000792       0x33 c:/nxp/lpcxpresso_7.7.2_379/lpcxpresso/tools/bin/../lib/gcc/arm-none-eabi/4.9.3/../../../../arm-none-eabi/lib/armv7-m\libcr_c.a(stdio.o)
 .ARM.attributes
                0x000007c5       0x33 c:/nxp/lpcxpresso_7.7.2_379/lpcxpresso/tools/bin/../lib/gcc/arm-none-eabi/4.9.3/../../../../arm-none-eabi/lib/armv7-m\libcr_c.a(strlen.o)
 .ARM.attributes
                0x000007f8       0x33 c:/nxp/lpcxpresso_7.7.2_379/lpcxpresso/tools/bin/../lib/gcc/arm-none-eabi/4.9.3/../../../../arm-none-eabi/lib/armv7-m\libcr_c.a(memset.o)
 .ARM.attributes
                0x0000082b       0x33 c:/nxp/lpcxpresso_7.7.2_379/lpcxpresso/tools/bin/../lib/gcc/arm-none-eabi/4.9.3/../../../../arm-none-eabi/lib/armv7-m\libcr_c.a(_deferredlazyseek.o)
 .ARM.attributes
                0x0000085e       0x33 c:/nxp/lpcxpresso_7.7.2_379/lpcxpresso/tools/bin/../lib/gcc/arm-none-eabi/4.9.3/../../../../arm-none-eabi/lib/armv7-m\libcr_c.a(_fdopen.o)
 .ARM.attributes
                0x00000891       0x33 c:/nxp/lpcxpresso_7.7.2_379/lpcxpresso/tools/bin/../lib/gcc/arm-none-eabi/4.9.3/../../../../arm-none-eabi/lib/armv7-m\libcr_c.a(_fflush.o)
 .ARM.attributes
                0x000008c4       0x33 c:/nxp/lpcxpresso_7.7.2_379/lpcxpresso/tools/bin/../lib/gcc/arm-none-eabi/4.9.3/../../../../arm-none-eabi/lib/armv7-m\libcr_c.a(_frexpl.o)
 .ARM.attributes
                0x000008f7       0x33 c:/nxp/lpcxpresso_7.7.2_379/lpcxpresso/tools/bin/../lib/gcc/arm-none-eabi/4.9.3/../../../../arm-none-eabi/lib/armv7-m\libcr_c.a(_ldexpl.o)
 .ARM.attributes
                0x0000092a       0x33 c:/nxp/lpcxpresso_7.7.2_379/lpcxpresso/tools/bin/../lib/gcc/arm-none-eabi/4.9.3/../../../../arm-none-eabi/lib/armv7-m\libcr_c.a(_writebuf.o)
 .ARM.attributes
                0x0000095d       0x33 c:/nxp/lpcxpresso_7.7.2_379/lpcxpresso/tools/bin/../lib/gcc/arm-none-eabi/4.9.3/../../../../arm-none-eabi/lib/armv7-m\libcr_c.a(alloc.o)
 .ARM.attributes
                0x00000990       0x33 c:/nxp/lpcxpresso_7.7.2_379/lpcxpresso/tools/bin/../lib/gcc/arm-none-eabi/4.9.3/../../../../arm-none-eabi/lib/armv7-m\libcr_c.a(errno.o)
 .ARM.attributes
                0x000009c3       0x33 c:/nxp/lpcxpresso_7.7.2_379/lpcxpresso/tools/bin/../lib/gcc/arm-none-eabi/4.9.3/../../../../arm-none-eabi/lib/armv7-m\libcr_c.a(fclose.o)
 .ARM.attributes
                0x000009f6       0x33 c:/nxp/lpcxpresso_7.7.2_379/lpcxpresso/tools/bin/../lib/gcc/arm-none-eabi/4.9.3/../../../../arm-none-eabi/lib/armv7-m\libcr_c.a(fflush.o)
 .ARM.attributes
                0x00000a29       0x33 c:/nxp/lpcxpresso_7.7.2_379/lpcxpresso/tools/bin/../lib/gcc/arm-none-eabi/4.9.3/../../../../arm-none-eabi/lib/armv7-m\libcr_c.a(fseek.o)
 .ARM.attributes
                0x00000a5c       0x33 c:/nxp/lpcxpresso_7.7.2_379/lpcxpresso/tools/bin/../lib/gcc/arm-none-eabi/4.9.3/../../../../arm-none-eabi/lib/armv7-m\libcr_c.a(ftell.o)
 .ARM.attributes
                0x00000a8f       0x33 c:/nxp/lpcxpresso_7.7.2_379/lpcxpresso/tools/bin/../lib/gcc/arm-none-eabi/4.9.3/../../../../arm-none-eabi/lib/armv7-m\libcr_c.a(remove.o)
 .ARM.attributes
                0x00000ac2       0x33 c:/nxp/lpcxpresso_7.7.2_379/lpcxpresso/tools/bin/../lib/gcc/arm-none-eabi/4.9.3/../../../../arm-none-eabi/lib/armv7-m\libcr_c.a(__init_alloc.o)
 .ARM.attributes
                0x00000af5       0x33 c:/nxp/lpcxpresso_7.7.2_379/lpcxpresso/tools/bin/../lib/gcc/arm-none-eabi/4.9.3/../../../../arm-none-eabi/lib/armv7-m\libcr_c.a(_cr_sbrk.o)
 .ARM.attributes
                0x00000b28       0x33 c:/nxp/lpcxpresso_7.7.2_379/lpcxpresso/tools/bin/../lib/gcc/arm-none-eabi/4.9.3/../../../../arm-none-eabi/lib/armv7-m\libcr_c.a(_do_fflush.o)
 .ARM.attributes
                0x00000b5b       0x33 c:/nxp/lpcxpresso_7.7.2_379/lpcxpresso/tools/bin/../lib/gcc/arm-none-eabi/4.9.3/../../../../arm-none-eabi/lib/armv7-m\libcr_c.a(_hugeval.o)
 .ARM.attributes
                0x00000b8e       0x33 c:/nxp/lpcxpresso_7.7.2_379/lpcxpresso/tools/bin/../lib/gcc/arm-none-eabi/4.9.3/../../../../arm-none-eabi/lib/armv7-m\libcr_c.a(_cr_check_heap.o)
 .ARM.attributes
                0x00000bc1       0x33 c:/nxp/lpcxpresso_7.7.2_379/lpcxpresso/tools/bin/../lib/gcc/arm-none-eabi/4.9.3/armv7-m\libcr_eabihelpers.a(double.o)
 .ARM.attributes
                0x00000bf4       0x33 c:/nxp/lpcxpresso_7.7.2_379/lpcxpresso/tools/bin/../lib/gcc/arm-none-eabi/4.9.3/armv7-m\libcr_eabihelpers.a(float.o)
 .ARM.attributes
                0x00000c27       0x21 c:/nxp/lpcxpresso_7.7.2_379/lpcxpresso/tools/bin/../lib/gcc/arm-none-eabi/4.9.3/armv7-m\libcr_eabihelpers.a(memcpy.o)
 .ARM.attributes
                0x00000c48       0x21 c:/nxp/lpcxpresso_7.7.2_379/lpcxpresso/tools/bin/../lib/gcc/arm-none-eabi/4.9.3/../../../../arm-none-eabi/lib/armv7-m\libcr_semihost.a(__sys_appexit.o)
 .ARM.attributes
                0x00000c69       0x21 c:/nxp/lpcxpresso_7.7.2_379/lpcxpresso/tools/bin/../lib/gcc/arm-none-eabi/4.9.3/../../../../arm-none-eabi/lib/armv7-m\libcr_semihost.a(__sys_close.o)
 .ARM.attributes
                0x00000c8a       0x21 c:/nxp/lpcxpresso_7.7.2_379/lpcxpresso/tools/bin/../lib/gcc/arm-none-eabi/4.9.3/../../../../arm-none-eabi/lib/armv7-m\libcr_semihost.a(__sys_flen.o)
 .ARM.attributes
                0x00000cab       0x21 c:/nxp/lpcxpresso_7.7.2_379/lpcxpresso/tools/bin/../lib/gcc/arm-none-eabi/4.9.3/../../../../arm-none-eabi/lib/armv7-m\libcr_semihost.a(__sys_istty.o)
 .ARM.attributes
                0x00000ccc       0x21 c:/nxp/lpcxpresso_7.7.2_379/lpcxpresso/tools/bin/../lib/gcc/arm-none-eabi/4.9.3/../../../../arm-none-eabi/lib/armv7-m\libcr_semihost.a(__sys_remove.o)
 .ARM.attributes
                0x00000ced       0x21 c:/nxp/lpcxpresso_7.7.2_379/lpcxpresso/tools/bin/../lib/gcc/arm-none-eabi/4.9.3/../../../../arm-none-eabi/lib/armv7-m\libcr_semihost.a(__sys_seek.o)
 .ARM.attributes
                0x00000d0e       0x21 c:/nxp/lpcxpresso_7.7.2_379/lpcxpresso/tools/bin/../lib/gcc/arm-none-eabi/4.9.3/../../../../arm-none-eabi/lib/armv7-m\libcr_semihost.a(__sys_tmpnam.o)
 .ARM.attributes
                0x00000d2f       0x21 c:/nxp/lpcxpresso_7.7.2_379/lpcxpresso/tools/bin/../lib/gcc/arm-none-eabi/4.9.3/../../../../arm-none-eabi/lib/armv7-m\libcr_semihost.a(__sys_write.o)

.debug_frame    0x00000000     0x1454
 .debug_frame   0x00000000      0x170 ./src/USB/cdcuser.o
 .debug_frame   0x00000170      0x180 ./src/USB/usbcore.o
 .debug_frame   0x000002f0      0x28c ./src/USB/usbhw.o
 .debug_frame   0x0000057c       0x9c ./src/USB/usbuser.o
 .debug_frame   0x00000618       0x88 ./src/PERIPHERAL/SystemTickTimer.o
 .debug_frame   0x000006a0       0x80 ./src/PERIPHERAL/debug.o
 .debug_frame   0x00000720       0x68 ./src/PERIPHERAL/i2c.o
 .debug_frame   0x00000788       0x20 ./src/PERIPHERAL/io.o
 .debug_frame   0x000007a8       0x68 ./src/PERIPHERAL/ssp.o
 .debug_frame   0x00000810       0x70 ./src/PERIPHERAL/timer.o
 .debug_frame   0x00000880       0x4c ./src/PERIPHERAL/uart.o
 .debug_frame   0x000008cc       0x7c ./src/PERIPHERAL/usbTransmission.o
 .debug_frame   0x00000948       0xf4 ./src/OTHER/cr_startup_lpc13xx.o
 .debug_frame   0x00000a3c       0xb0 ./src/OTHER/serial.o
 .debug_frame   0x00000aec       0x44 ./src/MODE/modeSelect.o
 .debug_frame   0x00000b30       0x28 ./src/MODE/mode_calibAccXY.o
 .debug_frame   0x00000b58       0x28 ./src/MODE/mode_calibAccZ.o
 .debug_frame   0x00000b80       0x28 ./src/MODE/mode_calibMag.o
 .debug_frame   0x00000ba8       0x28 ./src/MODE/mode_calibOmega.o
 .debug_frame   0x00000bd0       0x30 ./src/MODE/mode_clearOffset.o
 .debug_frame   0x00000c00       0x44 ./src/MODE/mode_outputSelect.o
 .debug_frame   0x00000c44       0x28 ./src/MODE/mode_viewAllData.o
 .debug_frame   0x00000c6c       0x28 ./src/MODE/mode_viewEEPROMData.o
 .debug_frame   0x00000c94       0xb0 ./src/MAIN/EEPROM_24LC16BT_I.o
 .debug_frame   0x00000d44       0xc0 ./src/MAIN/MainFunction.o
 .debug_frame   0x00000e04      0x108 ./src/MAIN/UserInterface.o
 .debug_frame   0x00000f0c       0x40 ./src/MAIN/main.o
 .debug_frame   0x00000f4c      0x424 ./src/MAIN/mpu9250.o
 .debug_frame   0x00001370       0x68 ./src/MAIN/tinyMathFunctions.o
 .debug_frame   0x000013d8       0x7c C:\Users\ryota\Desktop\LPCXpresso Sample Program\workspace\CMSISv1p30_LPC13xx\Debug\libCMSISv1p30_LPC13xx.a(system_LPC13xx.o)